2417 solved in 0.07753586769104004 seconds
2411 solved in 0.5166499614715576 seconds
2411 error object of type 'NoneType' has no len()
Traceback (most recent call last):
  File "/h/99/henryb/PyEuclid/tests/test.py", line 278, in test_geometry3k
    proof_generator.run()
  File "/h/99/henryb/PyEuclid/pyeuclid/engine/proof_generator.py", line 176, in run
    while len(conditions) > self.max_equation_length_perstep:
          ^^^^^^^^^^^^^^^
TypeError: object of type 'NoneType' has no len()

2425 unsolved in 1.9848849773406982 seconds
2409 solved in 2.0668227672576904 seconds
2427 solved in 2.5640487670898438 seconds
Exception ignored in: <function WeakSet.__init__.<locals>._remove at 0x7f5558466980>
Traceback (most recent call last):
  File "/u/henryb/miniconda3/lib/python3.12/_weakrefset.py", line 39, in _remove
    def _remove(item, selfref=ref(self)):

stopit.utils.TimeoutException: 
2423 solved in 2.969106912612915 seconds
Exception ignored in: <function WeakSet.__init__.<locals>._remove at 0x735642fde980>
Traceback (most recent call last):
  File "/u/henryb/miniconda3/lib/python3.12/_weakrefset.py", line 39, in _remove
    def _remove(item, selfref=ref(self)):

stopit.utils.TimeoutException: 
2455 solved in 0.3600337505340576 seconds
Exception ignored in: <function WeakSet.__init__.<locals>._remove at 0x733dc0d46980>
Traceback (most recent call last):
  File "/u/henryb/miniconda3/lib/python3.12/_weakrefset.py", line 39, in _remove
    def _remove(item, selfref=ref(self)):

stopit.utils.TimeoutException: 
Exception ignored in: <function WeakSet.__init__.<locals>._remove at 0x78dbfd836980>
Traceback (most recent call last):
  File "/u/henryb/miniconda3/lib/python3.12/_weakrefset.py", line 39, in _remove
    def _remove(item, selfref=ref(self)):

stopit.utils.TimeoutException: 
2439 solved in 0.5884287357330322 seconds
2447 solved in 2.7696871757507324 seconds
2447 error object of type 'NoneType' has no len()
Traceback (most recent call last):
  File "/h/99/henryb/PyEuclid/tests/test.py", line 278, in test_geometry3k
    proof_generator.run()
  File "/h/99/henryb/PyEuclid/pyeuclid/engine/proof_generator.py", line 176, in run
    while len(conditions) > self.max_equation_length_perstep:
          ^^^^^^^^^^^^^^^
TypeError: object of type 'NoneType' has no len()

2401 solved in 4.113664627075195 seconds
2469 solved in 0.7522439956665039 seconds
2469 error object of type 'NoneType' has no len()
Traceback (most recent call last):
  File "/h/99/henryb/PyEuclid/tests/test.py", line 278, in test_geometry3k
    proof_generator.run()
  File "/h/99/henryb/PyEuclid/pyeuclid/engine/proof_generator.py", line 176, in run
    while len(conditions) > self.max_equation_length_perstep:
          ^^^^^^^^^^^^^^^
TypeError: object of type 'NoneType' has no len()

2422 solved in 4.621462106704712 seconds
2422 error object of type 'NoneType' has no len()
Traceback (most recent call last):
  File "/h/99/henryb/PyEuclid/tests/test.py", line 278, in test_geometry3k
    proof_generator.run()
  File "/h/99/henryb/PyEuclid/pyeuclid/engine/proof_generator.py", line 176, in run
    while len(conditions) > self.max_equation_length_perstep:
          ^^^^^^^^^^^^^^^
TypeError: object of type 'NoneType' has no len()

2430 solved in 4.8458757400512695 seconds
2477 solved in 1.5093917846679688 seconds
2414 solved in 6.563786745071411 seconds
Exception ignored in: <function WeakSet.__init__.<locals>._remove at 0x7dfcb4b1e980>
Traceback (most recent call last):
  File "/u/henryb/miniconda3/lib/python3.12/_weakrefset.py", line 39, in _remove
    def _remove(item, selfref=ref(self)):

stopit.utils.TimeoutException: 
Exception ignored in: <function WeakSet.__init__.<locals>._remove at 0x779d15c36980>
Traceback (most recent call last):
  File "/u/henryb/miniconda3/lib/python3.12/_weakrefset.py", line 39, in _remove
    def _remove(item, selfref=ref(self)):

stopit.utils.TimeoutException: 
2424 solved in 6.5967934131622314 seconds
2421 solved in 6.591419219970703 seconds
Exception ignored in: <function WeakSet.__init__.<locals>._remove at 0x7f5558466980>
Traceback (most recent call last):
  File "/u/henryb/miniconda3/lib/python3.12/_weakrefset.py", line 39, in _remove
    def _remove(item, selfref=ref(self)):

stopit.utils.TimeoutException: 
2421 error Parallelogram(A,C,B,D)
Traceback (most recent call last):
  File "/h/99/henryb/PyEuclid/tests/test.py", line 279, in test_geometry3k
    proof = proof_generator.get_proof_str()
            ^^^^^^^^^^^^^^^^^^^^^^^^^^^^^^^
  File "/h/99/henryb/PyEuclid/pyeuclid/engine/proof_generator.py", line 329, in get_proof_str
    proof = self.get_proof(node)
            ^^^^^^^^^^^^^^^^^^^^
  File "/h/99/henryb/PyEuclid/pyeuclid/engine/proof_generator.py", line 349, in get_proof
    proof_steps = self.format_proof(node)
                  ^^^^^^^^^^^^^^^^^^^^^^^
  File "/h/99/henryb/PyEuclid/pyeuclid/engine/proof_generator.py", line 296, in format_proof
    format(conclusion)
  File "/h/99/henryb/PyEuclid/pyeuclid/engine/proof_generator.py", line 286, in format
    format(condition)
  File "/h/99/henryb/PyEuclid/pyeuclid/engine/proof_generator.py", line 282, in format
    condition, theorem = trace_fundamental_shape(conditions[0])
                         ^^^^^^^^^^^^^^^^^^^^^^^^^^^^^^^^^^^^^^
  File "/h/99/henryb/PyEuclid/pyeuclid/engine/proof_generator.py", line 239, in trace_fundamental_shape
    (conditions := self.proof_dict[node]) and
                   ~~~~~~~~~~~~~~~^^^^^^
KeyError: Parallelogram(A,C,B,D)

2412 solved in 6.869326829910278 seconds
2457 solved in 4.216253757476807 seconds
2412 error Rectangle(J,K,L,M)
Traceback (most recent call last):
  File "/h/99/henryb/PyEuclid/tests/test.py", line 279, in test_geometry3k
    proof = proof_generator.get_proof_str()
            ^^^^^^^^^^^^^^^^^^^^^^^^^^^^^^^
  File "/h/99/henryb/PyEuclid/pyeuclid/engine/proof_generator.py", line 329, in get_proof_str
    proof = self.get_proof(node)
            ^^^^^^^^^^^^^^^^^^^^
  File "/h/99/henryb/PyEuclid/pyeuclid/engine/proof_generator.py", line 349, in get_proof
    proof_steps = self.format_proof(node)
                  ^^^^^^^^^^^^^^^^^^^^^^^
  File "/h/99/henryb/PyEuclid/pyeuclid/engine/proof_generator.py", line 296, in format_proof
    format(conclusion)
  File "/h/99/henryb/PyEuclid/pyeuclid/engine/proof_generator.py", line 286, in format
    format(condition)
  File "/h/99/henryb/PyEuclid/pyeuclid/engine/proof_generator.py", line 282, in format
    condition, theorem = trace_fundamental_shape(conditions[0])
                         ^^^^^^^^^^^^^^^^^^^^^^^^^^^^^^^^^^^^^^
  File "/h/99/henryb/PyEuclid/pyeuclid/engine/proof_generator.py", line 239, in trace_fundamental_shape
    (conditions := self.proof_dict[node]) and
                   ~~~~~~~~~~~~~~~^^^^^^
KeyError: Rectangle(J,K,L,M)

2499 solved in 1.9485604763031006 seconds
2410 unsolved in 6.964774131774902 seconds
2485 solved in 4.55491828918457 seconds
2485 error Rhombus(A,B,C,D)
Traceback (most recent call last):
  File "/h/99/henryb/PyEuclid/tests/test.py", line 279, in test_geometry3k
    proof = proof_generator.get_proof_str()
            ^^^^^^^^^^^^^^^^^^^^^^^^^^^^^^^
  File "/h/99/henryb/PyEuclid/pyeuclid/engine/proof_generator.py", line 329, in get_proof_str
    proof = self.get_proof(node)
            ^^^^^^^^^^^^^^^^^^^^
  File "/h/99/henryb/PyEuclid/pyeuclid/engine/proof_generator.py", line 349, in get_proof
    proof_steps = self.format_proof(node)
                  ^^^^^^^^^^^^^^^^^^^^^^^
  File "/h/99/henryb/PyEuclid/pyeuclid/engine/proof_generator.py", line 296, in format_proof
    format(conclusion)
  File "/h/99/henryb/PyEuclid/pyeuclid/engine/proof_generator.py", line 286, in format
    format(condition)
  File "/h/99/henryb/PyEuclid/pyeuclid/engine/proof_generator.py", line 286, in format
    format(condition)
  File "/h/99/henryb/PyEuclid/pyeuclid/engine/proof_generator.py", line 286, in format
    format(condition)
  File "/h/99/henryb/PyEuclid/pyeuclid/engine/proof_generator.py", line 282, in format
    condition, theorem = trace_fundamental_shape(conditions[0])
                         ^^^^^^^^^^^^^^^^^^^^^^^^^^^^^^^^^^^^^^
  File "/h/99/henryb/PyEuclid/pyeuclid/engine/proof_generator.py", line 239, in trace_fundamental_shape
    (conditions := self.proof_dict[node]) and
                   ~~~~~~~~~~~~~~~^^^^^^
KeyError: Rhombus(A,B,C,D)

Exception ignored in: <function WeakSet.__init__.<locals>._remove at 0x7717d9a1a980>
Traceback (most recent call last):
  File "/u/henryb/miniconda3/lib/python3.12/_weakrefset.py", line 39, in _remove
    def _remove(item, selfref=ref(self)):

stopit.utils.TimeoutException: 
2413 solved in 8.641290664672852 seconds
2413 error Rhombus(A,B,C,D)
Traceback (most recent call last):
  File "/h/99/henryb/PyEuclid/tests/test.py", line 279, in test_geometry3k
    proof = proof_generator.get_proof_str()
            ^^^^^^^^^^^^^^^^^^^^^^^^^^^^^^^
  File "/h/99/henryb/PyEuclid/pyeuclid/engine/proof_generator.py", line 329, in get_proof_str
    proof = self.get_proof(node)
            ^^^^^^^^^^^^^^^^^^^^
  File "/h/99/henryb/PyEuclid/pyeuclid/engine/proof_generator.py", line 349, in get_proof
    proof_steps = self.format_proof(node)
                  ^^^^^^^^^^^^^^^^^^^^^^^
  File "/h/99/henryb/PyEuclid/pyeuclid/engine/proof_generator.py", line 296, in format_proof
    format(conclusion)
  File "/h/99/henryb/PyEuclid/pyeuclid/engine/proof_generator.py", line 286, in format
    format(condition)
  File "/h/99/henryb/PyEuclid/pyeuclid/engine/proof_generator.py", line 282, in format
    condition, theorem = trace_fundamental_shape(conditions[0])
                         ^^^^^^^^^^^^^^^^^^^^^^^^^^^^^^^^^^^^^^
  File "/h/99/henryb/PyEuclid/pyeuclid/engine/proof_generator.py", line 239, in trace_fundamental_shape
    (conditions := self.proof_dict[node]) and
                   ~~~~~~~~~~~~~~~^^^^^^
KeyError: Rhombus(A,B,C,D)

2460 unsolved in 3.169790029525757 seconds
2408 solved in 8.743637323379517 seconds
Exception ignored in: <function WeakSet.__init__.<locals>._remove at 0x7717d9a1a980>
Traceback (most recent call last):
  File "/u/henryb/miniconda3/lib/python3.12/_weakrefset.py", line 39, in _remove
    def _remove(item, selfref=ref(self)):

stopit.utils.TimeoutException: 
2426 unsolved in 8.892410516738892 seconds
2442 solved in 1.3314003944396973 seconds
2442 error object of type 'NoneType' has no len()
Traceback (most recent call last):
  File "/h/99/henryb/PyEuclid/tests/test.py", line 278, in test_geometry3k
    proof_generator.run()
  File "/h/99/henryb/PyEuclid/pyeuclid/engine/proof_generator.py", line 176, in run
    while len(conditions) > self.max_equation_length_perstep:
          ^^^^^^^^^^^^^^^
TypeError: object of type 'NoneType' has no len()

2420 solved in 9.470528602600098 seconds
2529 solved in 1.9242794513702393 seconds
2451 unsolved in 2.5209124088287354 seconds
Exception ignored in: <function WeakSet.__init__.<locals>._remove at 0x755dd6852980>
Traceback (most recent call last):
  File "/u/henryb/miniconda3/lib/python3.12/_weakrefset.py", line 39, in _remove
    def _remove(item, selfref=ref(self)):

stopit.utils.TimeoutException: 
2481 solved in 0.9732956886291504 seconds
2472 solved in 2.2247421741485596 seconds
Exception ignored in: <function WeakSet.__init__.<locals>._remove at 0x7bf10d41a980>
Traceback (most recent call last):
  File "/u/henryb/miniconda3/lib/python3.12/_weakrefset.py", line 39, in _remove
    def _remove(item, selfref=ref(self)):

stopit.utils.TimeoutException: 
2559 solved in 1.9855332374572754 seconds
2443 solved in 3.1453378200531006 seconds
2443 error object of type 'NoneType' has no len()
Traceback (most recent call last):
  File "/h/99/henryb/PyEuclid/tests/test.py", line 278, in test_geometry3k
    proof_generator.run()
  File "/h/99/henryb/PyEuclid/pyeuclid/engine/proof_generator.py", line 176, in run
    while len(conditions) > self.max_equation_length_perstep:
          ^^^^^^^^^^^^^^^
TypeError: object of type 'NoneType' has no len()

2450 solved in 2.8430063724517822 seconds
Exception ignored in: <function WeakSet.__init__.<locals>._remove at 0x795704952980>
Traceback (most recent call last):
  File "/u/henryb/miniconda3/lib/python3.12/_weakrefset.py", line 39, in _remove
    def _remove(item, selfref=ref(self)):

stopit.utils.TimeoutException: 
2511 solved in 2.0640406608581543 seconds
2502 solved in 1.6331102848052979 seconds
2502 error object of type 'NoneType' has no len()
Traceback (most recent call last):
  File "/h/99/henryb/PyEuclid/tests/test.py", line 278, in test_geometry3k
    proof_generator.run()
  File "/h/99/henryb/PyEuclid/pyeuclid/engine/proof_generator.py", line 176, in run
    while len(conditions) > self.max_equation_length_perstep:
          ^^^^^^^^^^^^^^^
TypeError: object of type 'NoneType' has no len()

Exception ignored in: <function WeakSet.__init__.<locals>._remove at 0x779d15c36980>
Traceback (most recent call last):
  File "/u/henryb/miniconda3/lib/python3.12/_weakrefset.py", line 39, in _remove
    def _remove(item, selfref=ref(self)):

stopit.utils.TimeoutException: 
2406 solved in 15.357354164123535 seconds
2406 error object of type 'NoneType' has no len()
Traceback (most recent call last):
  File "/h/99/henryb/PyEuclid/tests/test.py", line 278, in test_geometry3k
    proof_generator.run()
  File "/h/99/henryb/PyEuclid/pyeuclid/engine/proof_generator.py", line 176, in run
    while len(conditions) > self.max_equation_length_perstep:
          ^^^^^^^^^^^^^^^
TypeError: object of type 'NoneType' has no len()

2541 solved in 0.7497260570526123 seconds
2454 solved in 2.386258840560913 seconds
Exception ignored in: <function WeakSet.__init__.<locals>._remove at 0x746f7cc86980>
Traceback (most recent call last):
  File "/u/henryb/miniconda3/lib/python3.12/_weakrefset.py", line 39, in _remove
    def _remove(item, selfref=ref(self)):

stopit.utils.TimeoutException: 
2515 solved in 7.187730073928833 seconds
2515 error object of type 'NoneType' has no len()
Traceback (most recent call last):
  File "/h/99/henryb/PyEuclid/tests/test.py", line 278, in test_geometry3k
    proof_generator.run()
  File "/h/99/henryb/PyEuclid/pyeuclid/engine/proof_generator.py", line 176, in run
    while len(conditions) > self.max_equation_length_perstep:
          ^^^^^^^^^^^^^^^
TypeError: object of type 'NoneType' has no len()

2429 solved in 16.03609538078308 seconds
2429 error Parallelogram(A,C,B,D)
Traceback (most recent call last):
  File "/h/99/henryb/PyEuclid/tests/test.py", line 279, in test_geometry3k
    proof = proof_generator.get_proof_str()
            ^^^^^^^^^^^^^^^^^^^^^^^^^^^^^^^
  File "/h/99/henryb/PyEuclid/pyeuclid/engine/proof_generator.py", line 329, in get_proof_str
    proof = self.get_proof(node)
            ^^^^^^^^^^^^^^^^^^^^
  File "/h/99/henryb/PyEuclid/pyeuclid/engine/proof_generator.py", line 349, in get_proof
    proof_steps = self.format_proof(node)
                  ^^^^^^^^^^^^^^^^^^^^^^^
  File "/h/99/henryb/PyEuclid/pyeuclid/engine/proof_generator.py", line 296, in format_proof
    format(conclusion)
  File "/h/99/henryb/PyEuclid/pyeuclid/engine/proof_generator.py", line 286, in format
    format(condition)
  File "/h/99/henryb/PyEuclid/pyeuclid/engine/proof_generator.py", line 286, in format
    format(condition)
  File "/h/99/henryb/PyEuclid/pyeuclid/engine/proof_generator.py", line 286, in format
    format(condition)
  File "/h/99/henryb/PyEuclid/pyeuclid/engine/proof_generator.py", line 282, in format
    condition, theorem = trace_fundamental_shape(conditions[0])
                         ^^^^^^^^^^^^^^^^^^^^^^^^^^^^^^^^^^^^^^
  File "/h/99/henryb/PyEuclid/pyeuclid/engine/proof_generator.py", line 239, in trace_fundamental_shape
    (conditions := self.proof_dict[node]) and
                   ~~~~~~~~~~~~~~~^^^^^^
KeyError: Parallelogram(A,C,B,D)

2419 solved in 16.0514976978302 seconds
2419 error Rectangle(A,C,F,G)
Traceback (most recent call last):
  File "/h/99/henryb/PyEuclid/tests/test.py", line 279, in test_geometry3k
    proof = proof_generator.get_proof_str()
            ^^^^^^^^^^^^^^^^^^^^^^^^^^^^^^^
  File "/h/99/henryb/PyEuclid/pyeuclid/engine/proof_generator.py", line 329, in get_proof_str
    proof = self.get_proof(node)
            ^^^^^^^^^^^^^^^^^^^^
  File "/h/99/henryb/PyEuclid/pyeuclid/engine/proof_generator.py", line 349, in get_proof
    proof_steps = self.format_proof(node)
                  ^^^^^^^^^^^^^^^^^^^^^^^
  File "/h/99/henryb/PyEuclid/pyeuclid/engine/proof_generator.py", line 296, in format_proof
    format(conclusion)
  File "/h/99/henryb/PyEuclid/pyeuclid/engine/proof_generator.py", line 286, in format
    format(condition)
  File "/h/99/henryb/PyEuclid/pyeuclid/engine/proof_generator.py", line 286, in format
    format(condition)
  File "/h/99/henryb/PyEuclid/pyeuclid/engine/proof_generator.py", line 286, in format
    format(condition)
  File "/h/99/henryb/PyEuclid/pyeuclid/engine/proof_generator.py", line 282, in format
    condition, theorem = trace_fundamental_shape(conditions[0])
                         ^^^^^^^^^^^^^^^^^^^^^^^^^^^^^^^^^^^^^^
  File "/h/99/henryb/PyEuclid/pyeuclid/engine/proof_generator.py", line 239, in trace_fundamental_shape
    (conditions := self.proof_dict[node]) and
                   ~~~~~~~~~~~~~~~^^^^^^
KeyError: Rectangle(A,C,F,G)

2473 unsolved in 3.2526369094848633 seconds
2438 unsolved in 8.157782554626465 seconds
Exception ignored in: <function WeakSet.__init__.<locals>._remove at 0x73368c882980>
Traceback (most recent call last):
  File "/u/henryb/miniconda3/lib/python3.12/_weakrefset.py", line 39, in _remove
    def _remove(item, selfref=ref(self)):

stopit.utils.TimeoutException: 
2453 solved in 14.813661575317383 seconds
2453 error Rhombus(F,G,H,J)
Traceback (most recent call last):
  File "/h/99/henryb/PyEuclid/tests/test.py", line 279, in test_geometry3k
    proof = proof_generator.get_proof_str()
            ^^^^^^^^^^^^^^^^^^^^^^^^^^^^^^^
  File "/h/99/henryb/PyEuclid/pyeuclid/engine/proof_generator.py", line 329, in get_proof_str
    proof = self.get_proof(node)
            ^^^^^^^^^^^^^^^^^^^^
  File "/h/99/henryb/PyEuclid/pyeuclid/engine/proof_generator.py", line 349, in get_proof
    proof_steps = self.format_proof(node)
                  ^^^^^^^^^^^^^^^^^^^^^^^
  File "/h/99/henryb/PyEuclid/pyeuclid/engine/proof_generator.py", line 296, in format_proof
    format(conclusion)
  File "/h/99/henryb/PyEuclid/pyeuclid/engine/proof_generator.py", line 286, in format
    format(condition)
  File "/h/99/henryb/PyEuclid/pyeuclid/engine/proof_generator.py", line 282, in format
    condition, theorem = trace_fundamental_shape(conditions[0])
                         ^^^^^^^^^^^^^^^^^^^^^^^^^^^^^^^^^^^^^^
  File "/h/99/henryb/PyEuclid/pyeuclid/engine/proof_generator.py", line 239, in trace_fundamental_shape
    (conditions := self.proof_dict[node]) and
                   ~~~~~~~~~~~~~~~^^^^^^
KeyError: Rhombus(F,G,H,J)

Exception ignored in: <function WeakSet.__init__.<locals>._remove at 0x743a8a566980>
Traceback (most recent call last):
  File "/u/henryb/miniconda3/lib/python3.12/_weakrefset.py", line 39, in _remove
    def _remove(item, selfref=ref(self)):

stopit.utils.TimeoutException: 
2444 unsolved in 11.475373268127441 seconds
2545 error 
Traceback (most recent call last):
  File "/h/99/henryb/PyEuclid/tests/test.py", line 270, in test_geometry3k
    raise e
  File "/h/99/henryb/PyEuclid/tests/test.py", line 266, in test_geometry3k
    engine.run()
  File "/h/99/henryb/PyEuclid/pyeuclid/engine/engine.py", line 12, in run
    self.search()
  File "/h/99/henryb/PyEuclid/pyeuclid/engine/engine.py", line 25, in search
    self.algebraic_system.run()
  File "/h/99/henryb/PyEuclid/pyeuclid/engine/algebraic_system.py", line 329, in run
    self.solve_equation()
  File "/h/99/henryb/PyEuclid/pyeuclid/engine/algebraic_system.py", line 171, in solve_equation
    free, solved = self.elim(length_linear, var_types, remove_redundant=False)
                   ^^^^^^^^^^^^^^^^^^^^^^^^^^^^^^^^^^^^^^^^^^^^^^^^^^^^^^^^^^^
  File "/h/99/henryb/PyEuclid/pyeuclid/engine/algebraic_system.py", line 106, in elim
    eqn = self.process_equation(eqn, check=True)
          ^^^^^^^^^^^^^^^^^^^^^^^^^^^^^^^^^^^^^^
  File "/h/99/henryb/PyEuclid/pyeuclid/engine/algebraic_system.py", line 42, in process_equation
    assert False
           ^^^^^
AssertionError

Exception ignored in: <function WeakSet.__init__.<locals>._remove at 0x733dc0d46980>
Traceback (most recent call last):
  File "/u/henryb/miniconda3/lib/python3.12/_weakrefset.py", line 39, in _remove
    def _remove(item, selfref=ref(self)):

stopit.utils.TimeoutException: 
2403 solved in 19.134387969970703 seconds
2449 solved in 2.08170747756958 seconds
2532 solved in 4.852200269699097 seconds
2532 error object of type 'NoneType' has no len()
Traceback (most recent call last):
  File "/h/99/henryb/PyEuclid/tests/test.py", line 278, in test_geometry3k
    proof_generator.run()
  File "/h/99/henryb/PyEuclid/pyeuclid/engine/proof_generator.py", line 176, in run
    while len(conditions) > self.max_equation_length_perstep:
          ^^^^^^^^^^^^^^^
TypeError: object of type 'NoneType' has no len()

2415 solved in 19.964000463485718 seconds
2415 error Parallelogram(M,N,P,R)
Traceback (most recent call last):
  File "/h/99/henryb/PyEuclid/tests/test.py", line 279, in test_geometry3k
    proof = proof_generator.get_proof_str()
            ^^^^^^^^^^^^^^^^^^^^^^^^^^^^^^^
  File "/h/99/henryb/PyEuclid/pyeuclid/engine/proof_generator.py", line 329, in get_proof_str
    proof = self.get_proof(node)
            ^^^^^^^^^^^^^^^^^^^^
  File "/h/99/henryb/PyEuclid/pyeuclid/engine/proof_generator.py", line 349, in get_proof
    proof_steps = self.format_proof(node)
                  ^^^^^^^^^^^^^^^^^^^^^^^
  File "/h/99/henryb/PyEuclid/pyeuclid/engine/proof_generator.py", line 296, in format_proof
    format(conclusion)
  File "/h/99/henryb/PyEuclid/pyeuclid/engine/proof_generator.py", line 286, in format
    format(condition)
  File "/h/99/henryb/PyEuclid/pyeuclid/engine/proof_generator.py", line 282, in format
    condition, theorem = trace_fundamental_shape(conditions[0])
                         ^^^^^^^^^^^^^^^^^^^^^^^^^^^^^^^^^^^^^^
  File "/h/99/henryb/PyEuclid/pyeuclid/engine/proof_generator.py", line 239, in trace_fundamental_shape
    (conditions := self.proof_dict[node]) and
                   ~~~~~~~~~~~~~~~^^^^^^
KeyError: Parallelogram(M,N,P,R)

2474 solved in 1.0531833171844482 seconds
2479 error Similar4.__init__() takes 9 positional arguments but 11 were given
Traceback (most recent call last):
  File "/h/99/henryb/PyEuclid/tests/test.py", line 246, in test_geometry3k
    exec(file.read(), namespace)
  File "<string>", line 7, in <module>
TypeError: Similar4.__init__() takes 9 positional arguments but 11 were given

2474 error Parallelogram(M,N,P,Q)
Traceback (most recent call last):
  File "/h/99/henryb/PyEuclid/tests/test.py", line 279, in test_geometry3k
    proof = proof_generator.get_proof_str()
            ^^^^^^^^^^^^^^^^^^^^^^^^^^^^^^^
  File "/h/99/henryb/PyEuclid/pyeuclid/engine/proof_generator.py", line 329, in get_proof_str
    proof = self.get_proof(node)
            ^^^^^^^^^^^^^^^^^^^^
  File "/h/99/henryb/PyEuclid/pyeuclid/engine/proof_generator.py", line 349, in get_proof
    proof_steps = self.format_proof(node)
                  ^^^^^^^^^^^^^^^^^^^^^^^
  File "/h/99/henryb/PyEuclid/pyeuclid/engine/proof_generator.py", line 296, in format_proof
    format(conclusion)
  File "/h/99/henryb/PyEuclid/pyeuclid/engine/proof_generator.py", line 286, in format
    format(condition)
  File "/h/99/henryb/PyEuclid/pyeuclid/engine/proof_generator.py", line 282, in format
    condition, theorem = trace_fundamental_shape(conditions[0])
                         ^^^^^^^^^^^^^^^^^^^^^^^^^^^^^^^^^^^^^^
  File "/h/99/henryb/PyEuclid/pyeuclid/engine/proof_generator.py", line 239, in trace_fundamental_shape
    (conditions := self.proof_dict[node]) and
                   ~~~~~~~~~~~~~~~^^^^^^
KeyError: Parallelogram(M,N,P,Q)

2562 solved in 0.008654594421386719 seconds
2562 error object of type 'NoneType' has no len()
Traceback (most recent call last):
  File "/h/99/henryb/PyEuclid/tests/test.py", line 278, in test_geometry3k
    proof_generator.run()
  File "/h/99/henryb/PyEuclid/pyeuclid/engine/proof_generator.py", line 176, in run
    while len(conditions) > self.max_equation_length_perstep:
          ^^^^^^^^^^^^^^^
TypeError: object of type 'NoneType' has no len()

2503 solved in 3.247898817062378 seconds
2483 solved in 2.451364278793335 seconds
2433 solved in 2.09555983543396 seconds
2484 solved in 4.650891304016113 seconds
2428 solved in 22.906389474868774 seconds
2504 solved in 2.052964687347412 seconds
Exception ignored in: <function WeakSet.__init__.<locals>._remove at 0x7142257aa980>
Traceback (most recent call last):
  File "/u/henryb/miniconda3/lib/python3.12/_weakrefset.py", line 39, in _remove
    def _remove(item, selfref=ref(self)):

stopit.utils.TimeoutException: 
2592 unsolved in 1.8251333236694336 seconds
2459 solved in 6.716737985610962 seconds
2459 error Rectangle(J,K,L,M)
Traceback (most recent call last):
  File "/h/99/henryb/PyEuclid/tests/test.py", line 279, in test_geometry3k
    proof = proof_generator.get_proof_str()
            ^^^^^^^^^^^^^^^^^^^^^^^^^^^^^^^
  File "/h/99/henryb/PyEuclid/pyeuclid/engine/proof_generator.py", line 329, in get_proof_str
    proof = self.get_proof(node)
            ^^^^^^^^^^^^^^^^^^^^
  File "/h/99/henryb/PyEuclid/pyeuclid/engine/proof_generator.py", line 349, in get_proof
    proof_steps = self.format_proof(node)
                  ^^^^^^^^^^^^^^^^^^^^^^^
  File "/h/99/henryb/PyEuclid/pyeuclid/engine/proof_generator.py", line 296, in format_proof
    format(conclusion)
  File "/h/99/henryb/PyEuclid/pyeuclid/engine/proof_generator.py", line 286, in format
    format(condition)
  File "/h/99/henryb/PyEuclid/pyeuclid/engine/proof_generator.py", line 286, in format
    format(condition)
  File "/h/99/henryb/PyEuclid/pyeuclid/engine/proof_generator.py", line 282, in format
    condition, theorem = trace_fundamental_shape(conditions[0])
                         ^^^^^^^^^^^^^^^^^^^^^^^^^^^^^^^^^^^^^^
  File "/h/99/henryb/PyEuclid/pyeuclid/engine/proof_generator.py", line 239, in trace_fundamental_shape
    (conditions := self.proof_dict[node]) and
                   ~~~~~~~~~~~~~~~^^^^^^
KeyError: Rectangle(J,K,L,M)

2513 unsolved in 3.0274550914764404 seconds
2571 solved in 7.0852649211883545 seconds
2571 error object of type 'NoneType' has no len()
Traceback (most recent call last):
  File "/h/99/henryb/PyEuclid/tests/test.py", line 278, in test_geometry3k
    proof_generator.run()
  File "/h/99/henryb/PyEuclid/pyeuclid/engine/proof_generator.py", line 176, in run
    while len(conditions) > self.max_equation_length_perstep:
          ^^^^^^^^^^^^^^^
TypeError: object of type 'NoneType' has no len()

2507 error 
Traceback (most recent call last):
  File "/h/99/henryb/PyEuclid/tests/test.py", line 270, in test_geometry3k
    raise e
  File "/h/99/henryb/PyEuclid/tests/test.py", line 266, in test_geometry3k
    engine.run()
  File "/h/99/henryb/PyEuclid/pyeuclid/engine/engine.py", line 12, in run
    self.search()
  File "/h/99/henryb/PyEuclid/pyeuclid/engine/engine.py", line 25, in search
    self.algebraic_system.run()
  File "/h/99/henryb/PyEuclid/pyeuclid/engine/algebraic_system.py", line 329, in run
    self.solve_equation()
  File "/h/99/henryb/PyEuclid/pyeuclid/engine/algebraic_system.py", line 168, in solve_equation
    free, solved = self.elim([item for item in eqs if not item.redundant], var_types)
                   ^^^^^^^^^^^^^^^^^^^^^^^^^^^^^^^^^^^^^^^^^^^^^^^^^^^^^^^^^^^^^^^^^^
  File "/h/99/henryb/PyEuclid/pyeuclid/engine/algebraic_system.py", line 106, in elim
    eqn = self.process_equation(eqn, check=True)
          ^^^^^^^^^^^^^^^^^^^^^^^^^^^^^^^^^^^^^^
  File "/h/99/henryb/PyEuclid/pyeuclid/engine/algebraic_system.py", line 42, in process_equation
    assert False
           ^^^^^
AssertionError

2418 solved in 24.840264081954956 seconds
2418 error Parallelogram(A,B,C,D)
Traceback (most recent call last):
  File "/h/99/henryb/PyEuclid/tests/test.py", line 279, in test_geometry3k
    proof = proof_generator.get_proof_str()
            ^^^^^^^^^^^^^^^^^^^^^^^^^^^^^^^
  File "/h/99/henryb/PyEuclid/pyeuclid/engine/proof_generator.py", line 329, in get_proof_str
    proof = self.get_proof(node)
            ^^^^^^^^^^^^^^^^^^^^
  File "/h/99/henryb/PyEuclid/pyeuclid/engine/proof_generator.py", line 349, in get_proof
    proof_steps = self.format_proof(node)
                  ^^^^^^^^^^^^^^^^^^^^^^^
  File "/h/99/henryb/PyEuclid/pyeuclid/engine/proof_generator.py", line 296, in format_proof
    format(conclusion)
  File "/h/99/henryb/PyEuclid/pyeuclid/engine/proof_generator.py", line 286, in format
    format(condition)
  File "/h/99/henryb/PyEuclid/pyeuclid/engine/proof_generator.py", line 282, in format
    condition, theorem = trace_fundamental_shape(conditions[0])
                         ^^^^^^^^^^^^^^^^^^^^^^^^^^^^^^^^^^^^^^
  File "/h/99/henryb/PyEuclid/pyeuclid/engine/proof_generator.py", line 239, in trace_fundamental_shape
    (conditions := self.proof_dict[node]) and
                   ~~~~~~~~~~~~~~~^^^^^^
KeyError: Parallelogram(A,B,C,D)

Exception ignored in: <function WeakSet.__init__.<locals>._remove at 0x755dd6852980>
Traceback (most recent call last):
  File "/u/henryb/miniconda3/lib/python3.12/_weakrefset.py", line 39, in _remove
    def _remove(item, selfref=ref(self)):

stopit.utils.TimeoutException: 
2445 solved in 4.786457300186157 seconds
2405 solved in 25.87353277206421 seconds
2489 solved in 0.9176092147827148 seconds
Exception ignored in: <function WeakSet.__init__.<locals>._remove at 0x735642fde980>
Traceback (most recent call last):
  File "/u/henryb/miniconda3/lib/python3.12/_weakrefset.py", line 39, in _remove
    def _remove(item, selfref=ref(self)):

stopit.utils.TimeoutException: 
2435 solved in 0.5155642032623291 seconds
2435 error object of type 'NoneType' has no len()
Traceback (most recent call last):
  File "/h/99/henryb/PyEuclid/tests/test.py", line 278, in test_geometry3k
    proof_generator.run()
  File "/h/99/henryb/PyEuclid/pyeuclid/engine/proof_generator.py", line 176, in run
    while len(conditions) > self.max_equation_length_perstep:
          ^^^^^^^^^^^^^^^
TypeError: object of type 'NoneType' has no len()

2456 solved in 17.977964878082275 seconds
2448 solved in 2.0911924839019775 seconds
2622 unsolved in 4.571496486663818 seconds
2416 solved in 28.50646662712097 seconds
2416 error object of type 'NoneType' has no len()
Traceback (most recent call last):
  File "/h/99/henryb/PyEuclid/tests/test.py", line 278, in test_geometry3k
    proof_generator.run()
  File "/h/99/henryb/PyEuclid/pyeuclid/engine/proof_generator.py", line 176, in run
    while len(conditions) > self.max_equation_length_perstep:
          ^^^^^^^^^^^^^^^
TypeError: object of type 'NoneType' has no len()

2402 solved in 28.567920446395874 seconds
Exception ignored in: <function WeakSet.__init__.<locals>._remove at 0x7600b12b2980>
Traceback (most recent call last):
  File "/u/henryb/miniconda3/lib/python3.12/_weakrefset.py", line 39, in _remove
    def _remove(item, selfref=ref(self)):

stopit.utils.TimeoutException: 
Exception ignored in: <function WeakSet.__init__.<locals>._remove at 0x743a8a566980>
Traceback (most recent call last):
  File "/u/henryb/miniconda3/lib/python3.12/_weakrefset.py", line 39, in _remove
    def _remove(item, selfref=ref(self)):

stopit.utils.TimeoutException: 
2514 solved in 6.692077875137329 seconds
Exception ignored in: <function WeakSet.__init__.<locals>._remove at 0x746f7cc86980>
Traceback (most recent call last):
  File "/u/henryb/miniconda3/lib/python3.12/_weakrefset.py", line 39, in _remove
    def _remove(item, selfref=ref(self)):

stopit.utils.TimeoutException: 
2468 solved in 12.359566450119019 seconds
Exception ignored in: <function WeakSet.__init__.<locals>._remove at 0x733dc0d46980>
Traceback (most recent call last):
  File "/u/henryb/miniconda3/lib/python3.12/_weakrefset.py", line 39, in _remove
    def _remove(item, selfref=ref(self)):

stopit.utils.TimeoutException: 
2589 solved in 17.26737689971924 seconds
2575 solved in 11.566853284835815 seconds
2575 error object of type 'NoneType' has no len()
Traceback (most recent call last):
  File "/h/99/henryb/PyEuclid/tests/test.py", line 278, in test_geometry3k
    proof_generator.run()
  File "/h/99/henryb/PyEuclid/pyeuclid/engine/proof_generator.py", line 176, in run
    while len(conditions) > self.max_equation_length_perstep:
          ^^^^^^^^^^^^^^^
TypeError: object of type 'NoneType' has no len()

2652 unsolved in 2.2757575511932373 seconds
2478 solved in 2.783128499984741 seconds
[solve.c:4032] ERROR: (node 1) unresolved numerical troubles in LP 3 cannot be dealt with
[solve.c:4311] ERROR: Error <-6> in function call
[solve.c:5104] ERROR: Error <-6> in function call
[scip_solve.c:2661] ERROR: Error <-6> in function call
2478 error SCIP: error in LP solver!
Traceback (most recent call last):
  File "/h/99/henryb/PyEuclid/tests/test.py", line 278, in test_geometry3k
    proof_generator.run()
  File "/h/99/henryb/PyEuclid/pyeuclid/engine/proof_generator.py", line 170, in run
    conditions = self.find_conditions(equations, node, tmp)
                 ^^^^^^^^^^^^^^^^^^^^^^^^^^^^^^^^^^^^^^^^^^
  File "/h/99/henryb/PyEuclid/pyeuclid/engine/proof_generator.py", line 592, in find_conditions
    return try_find(equations, conclusion)
           ^^^^^^^^^^^^^^^^^^^^^^^^^^^^^^^
  File "/h/99/henryb/PyEuclid/pyeuclid/engine/proof_generator.py", line 579, in try_find
    deps = self.traceback_l1(mat, eq)
           ^^^^^^^^^^^^^^^^^^^^^^^^^^
  File "/h/99/henryb/PyEuclid/pyeuclid/engine/proof_generator.py", line 388, in traceback_l1
    model.optimize()
  File "src/pyscipopt/scip.pxi", line 7209, in pyscipopt.scip.Model.optimize
  File "src/pyscipopt/scip.pxi", line 313, in pyscipopt.scip.PY_SCIP_CALL
Exception: SCIP: error in LP solver!

2519 solved in 4.647687911987305 seconds
2432 error 
Traceback (most recent call last):
  File "/h/99/henryb/PyEuclid/tests/test.py", line 270, in test_geometry3k
    raise e
  File "/h/99/henryb/PyEuclid/tests/test.py", line 266, in test_geometry3k
    engine.run()
  File "/h/99/henryb/PyEuclid/pyeuclid/engine/engine.py", line 12, in run
    self.search()
  File "/h/99/henryb/PyEuclid/pyeuclid/engine/engine.py", line 25, in search
    self.algebraic_system.run()
  File "/h/99/henryb/PyEuclid/pyeuclid/engine/algebraic_system.py", line 329, in run
    self.solve_equation()
  File "/h/99/henryb/PyEuclid/pyeuclid/engine/algebraic_system.py", line 168, in solve_equation
    free, solved = self.elim([item for item in eqs if not item.redundant], var_types)
                   ^^^^^^^^^^^^^^^^^^^^^^^^^^^^^^^^^^^^^^^^^^^^^^^^^^^^^^^^^^^^^^^^^^
  File "/h/99/henryb/PyEuclid/pyeuclid/engine/algebraic_system.py", line 106, in elim
    eqn = self.process_equation(eqn, check=True)
          ^^^^^^^^^^^^^^^^^^^^^^^^^^^^^^^^^^^^^^
  File "/h/99/henryb/PyEuclid/pyeuclid/engine/algebraic_system.py", line 42, in process_equation
    assert False
           ^^^^^
AssertionError

2498 solved in 1.2502751350402832 seconds
2498 error object of type 'NoneType' has no len()
Traceback (most recent call last):
  File "/h/99/henryb/PyEuclid/tests/test.py", line 278, in test_geometry3k
    proof_generator.run()
  File "/h/99/henryb/PyEuclid/pyeuclid/engine/proof_generator.py", line 176, in run
    while len(conditions) > self.max_equation_length_perstep:
          ^^^^^^^^^^^^^^^
TypeError: object of type 'NoneType' has no len()

Exception ignored in: <function WeakSet.__init__.<locals>._remove at 0x7bf10d41a980>
Traceback (most recent call last):
  File "/u/henryb/miniconda3/lib/python3.12/_weakrefset.py", line 39, in _remove
    def _remove(item, selfref=ref(self)):

  File "/h/99/henryb/PyEuclid/pyeuclid/formalization/utils.py", line 29, in _handle_timeout
    raise TimeoutException("Operation timed out")
pyeuclid.formalization.utils.TimeoutException: Operation timed out
2508 solved in 0.8270878791809082 seconds
2544 solved in 2.807140588760376 seconds
2544 error Parallelogram(J,K,L,M)
Traceback (most recent call last):
  File "/h/99/henryb/PyEuclid/tests/test.py", line 279, in test_geometry3k
    proof = proof_generator.get_proof_str()
            ^^^^^^^^^^^^^^^^^^^^^^^^^^^^^^^
  File "/h/99/henryb/PyEuclid/pyeuclid/engine/proof_generator.py", line 329, in get_proof_str
    proof = self.get_proof(node)
            ^^^^^^^^^^^^^^^^^^^^
  File "/h/99/henryb/PyEuclid/pyeuclid/engine/proof_generator.py", line 349, in get_proof
    proof_steps = self.format_proof(node)
                  ^^^^^^^^^^^^^^^^^^^^^^^
  File "/h/99/henryb/PyEuclid/pyeuclid/engine/proof_generator.py", line 296, in format_proof
    format(conclusion)
  File "/h/99/henryb/PyEuclid/pyeuclid/engine/proof_generator.py", line 286, in format
    format(condition)
  File "/h/99/henryb/PyEuclid/pyeuclid/engine/proof_generator.py", line 282, in format
    condition, theorem = trace_fundamental_shape(conditions[0])
                         ^^^^^^^^^^^^^^^^^^^^^^^^^^^^^^^^^^^^^^
  File "/h/99/henryb/PyEuclid/pyeuclid/engine/proof_generator.py", line 239, in trace_fundamental_shape
    (conditions := self.proof_dict[node]) and
                   ~~~~~~~~~~~~~~~^^^^^^
KeyError: Parallelogram(J,K,L,M)

2528 solved in 0.3850090503692627 seconds
2528 error object of type 'NoneType' has no len()
Traceback (most recent call last):
  File "/h/99/henryb/PyEuclid/tests/test.py", line 278, in test_geometry3k
    proof_generator.run()
  File "/h/99/henryb/PyEuclid/pyeuclid/engine/proof_generator.py", line 176, in run
    while len(conditions) > self.max_equation_length_perstep:
          ^^^^^^^^^^^^^^^
TypeError: object of type 'NoneType' has no len()

2436 solved in 17.840543270111084 seconds
2436 error object of type 'NoneType' has no len()
Traceback (most recent call last):
  File "/h/99/henryb/PyEuclid/tests/test.py", line 278, in test_geometry3k
    proof_generator.run()
  File "/h/99/henryb/PyEuclid/pyeuclid/engine/proof_generator.py", line 176, in run
    while len(conditions) > self.max_equation_length_perstep:
          ^^^^^^^^^^^^^^^
TypeError: object of type 'NoneType' has no len()

2558 solved in 0.5756649971008301 seconds
2543 solved in 9.565415382385254 seconds
2543 error object of type 'NoneType' has no len()
Traceback (most recent call last):
  File "/h/99/henryb/PyEuclid/tests/test.py", line 278, in test_geometry3k
    proof_generator.run()
  File "/h/99/henryb/PyEuclid/pyeuclid/engine/proof_generator.py", line 176, in run
    while len(conditions) > self.max_equation_length_perstep:
          ^^^^^^^^^^^^^^^
TypeError: object of type 'NoneType' has no len()

2605 solved in 3.708218812942505 seconds
2574 solved in 2.2567262649536133 seconds
Exception ignored in: <function WeakSet.__init__.<locals>._remove at 0x7600b12b2980>
Traceback (most recent call last):
  File "/u/henryb/miniconda3/lib/python3.12/_weakrefset.py", line 39, in _remove
    def _remove(item, selfref=ref(self)):

stopit.utils.TimeoutException: 
2462 solved in 5.216933012008667 seconds
2604 unsolved in 1.5895493030548096 seconds
Exception ignored in: <function WeakSet.__init__.<locals>._remove at 0x743a8a566980>
Traceback (most recent call last):
  File "/u/henryb/miniconda3/lib/python3.12/_weakrefset.py", line 39, in _remove
    def _remove(item, selfref=ref(self)):

stopit.utils.TimeoutException: 
2549 unsolved in 6.469014883041382 seconds
2537 solved in 12.8521728515625 seconds
Exception ignored in: <function WeakSet.__init__.<locals>._remove at 0x779d15c36980>
Traceback (most recent call last):
  File "/u/henryb/miniconda3/lib/python3.12/_weakrefset.py", line 39, in _remove
    def _remove(item, selfref=ref(self)):

stopit.utils.TimeoutException: 
2466 solved in 6.1841490268707275 seconds
2463 solved in 19.36309313774109 seconds
2601 solved in 16.447938203811646 seconds
2567 solved in 4.169025182723999 seconds
2567 error Rectangle(E,F,G,H)
Traceback (most recent call last):
  File "/h/99/henryb/PyEuclid/tests/test.py", line 279, in test_geometry3k
    proof = proof_generator.get_proof_str()
            ^^^^^^^^^^^^^^^^^^^^^^^^^^^^^^^
  File "/h/99/henryb/PyEuclid/pyeuclid/engine/proof_generator.py", line 329, in get_proof_str
    proof = self.get_proof(node)
            ^^^^^^^^^^^^^^^^^^^^
  File "/h/99/henryb/PyEuclid/pyeuclid/engine/proof_generator.py", line 349, in get_proof
    proof_steps = self.format_proof(node)
                  ^^^^^^^^^^^^^^^^^^^^^^^
  File "/h/99/henryb/PyEuclid/pyeuclid/engine/proof_generator.py", line 296, in format_proof
    format(conclusion)
  File "/h/99/henryb/PyEuclid/pyeuclid/engine/proof_generator.py", line 286, in format
    format(condition)
  File "/h/99/henryb/PyEuclid/pyeuclid/engine/proof_generator.py", line 282, in format
    condition, theorem = trace_fundamental_shape(conditions[0])
                         ^^^^^^^^^^^^^^^^^^^^^^^^^^^^^^^^^^^^^^
  File "/h/99/henryb/PyEuclid/pyeuclid/engine/proof_generator.py", line 239, in trace_fundamental_shape
    (conditions := self.proof_dict[node]) and
                   ~~~~~~~~~~~~~~~^^^^^^
KeyError: Rectangle(E,F,G,H)

2619 solved in 13.22330641746521 seconds
2619 error Rectangle(E,F,G,H)
Traceback (most recent call last):
  File "/h/99/henryb/PyEuclid/tests/test.py", line 279, in test_geometry3k
    proof = proof_generator.get_proof_str()
            ^^^^^^^^^^^^^^^^^^^^^^^^^^^^^^^
  File "/h/99/henryb/PyEuclid/pyeuclid/engine/proof_generator.py", line 329, in get_proof_str
    proof = self.get_proof(node)
            ^^^^^^^^^^^^^^^^^^^^
  File "/h/99/henryb/PyEuclid/pyeuclid/engine/proof_generator.py", line 349, in get_proof
    proof_steps = self.format_proof(node)
                  ^^^^^^^^^^^^^^^^^^^^^^^
  File "/h/99/henryb/PyEuclid/pyeuclid/engine/proof_generator.py", line 296, in format_proof
    format(conclusion)
  File "/h/99/henryb/PyEuclid/pyeuclid/engine/proof_generator.py", line 286, in format
    format(condition)
  File "/h/99/henryb/PyEuclid/pyeuclid/engine/proof_generator.py", line 286, in format
    format(condition)
  File "/h/99/henryb/PyEuclid/pyeuclid/engine/proof_generator.py", line 282, in format
    condition, theorem = trace_fundamental_shape(conditions[0])
                         ^^^^^^^^^^^^^^^^^^^^^^^^^^^^^^^^^^^^^^
  File "/h/99/henryb/PyEuclid/pyeuclid/engine/proof_generator.py", line 239, in trace_fundamental_shape
    (conditions := self.proof_dict[node]) and
                   ~~~~~~~~~~~~~~~^^^^^^
KeyError: Rectangle(E,F,G,H)

2579 error 
Traceback (most recent call last):
  File "/h/99/henryb/PyEuclid/tests/test.py", line 270, in test_geometry3k
    raise e
  File "/h/99/henryb/PyEuclid/tests/test.py", line 266, in test_geometry3k
    engine.run()
  File "/h/99/henryb/PyEuclid/pyeuclid/engine/engine.py", line 12, in run
    self.search()
  File "/h/99/henryb/PyEuclid/pyeuclid/engine/engine.py", line 25, in search
    self.algebraic_system.run()
  File "/h/99/henryb/PyEuclid/pyeuclid/engine/algebraic_system.py", line 329, in run
    self.solve_equation()
  File "/h/99/henryb/PyEuclid/pyeuclid/engine/algebraic_system.py", line 171, in solve_equation
    free, solved = self.elim(length_linear, var_types, remove_redundant=False)
                   ^^^^^^^^^^^^^^^^^^^^^^^^^^^^^^^^^^^^^^^^^^^^^^^^^^^^^^^^^^^
  File "/h/99/henryb/PyEuclid/pyeuclid/engine/algebraic_system.py", line 106, in elim
    eqn = self.process_equation(eqn, check=True)
          ^^^^^^^^^^^^^^^^^^^^^^^^^^^^^^^^^^^^^^
  File "/h/99/henryb/PyEuclid/pyeuclid/engine/algebraic_system.py", line 42, in process_equation
    assert False
           ^^^^^
AssertionError

2533 solved in 23.258906602859497 seconds
Exception ignored in: <function WeakSet.__init__.<locals>._remove at 0x73368c882980>
Traceback (most recent call last):
  File "/u/henryb/miniconda3/lib/python3.12/_weakrefset.py", line 39, in _remove
    def _remove(item, selfref=ref(self)):

stopit.utils.TimeoutException: 
2649 solved in 2.0750577449798584 seconds
2682 solved in 15.736976385116577 seconds
2682 error Parallelogram(A,C,B,D)
Traceback (most recent call last):
  File "/h/99/henryb/PyEuclid/tests/test.py", line 279, in test_geometry3k
    proof = proof_generator.get_proof_str()
            ^^^^^^^^^^^^^^^^^^^^^^^^^^^^^^^
  File "/h/99/henryb/PyEuclid/pyeuclid/engine/proof_generator.py", line 329, in get_proof_str
    proof = self.get_proof(node)
            ^^^^^^^^^^^^^^^^^^^^
  File "/h/99/henryb/PyEuclid/pyeuclid/engine/proof_generator.py", line 349, in get_proof
    proof_steps = self.format_proof(node)
                  ^^^^^^^^^^^^^^^^^^^^^^^
  File "/h/99/henryb/PyEuclid/pyeuclid/engine/proof_generator.py", line 296, in format_proof
    format(conclusion)
  File "/h/99/henryb/PyEuclid/pyeuclid/engine/proof_generator.py", line 286, in format
    format(condition)
  File "/h/99/henryb/PyEuclid/pyeuclid/engine/proof_generator.py", line 282, in format
    condition, theorem = trace_fundamental_shape(conditions[0])
                         ^^^^^^^^^^^^^^^^^^^^^^^^^^^^^^^^^^^^^^
  File "/h/99/henryb/PyEuclid/pyeuclid/engine/proof_generator.py", line 239, in trace_fundamental_shape
    (conditions := self.proof_dict[node]) and
                   ~~~~~~~~~~~~~~~^^^^^^
KeyError: Parallelogram(A,C,B,D)

Exception ignored in: <function WeakSet.__init__.<locals>._remove at 0x7600b12b2980>
Traceback (most recent call last):
  File "/u/henryb/miniconda3/lib/python3.12/_weakrefset.py", line 39, in _remove
    def _remove(item, selfref=ref(self)):

  File "/h/99/henryb/PyEuclid/pyeuclid/formalization/utils.py", line 29, in _handle_timeout
    raise TimeoutException("Operation timed out")
pyeuclid.formalization.utils.TimeoutException: Operation timed out
Exception ignored in: <function WeakSet.__init__.<locals>._remove at 0x73368c882980>
Traceback (most recent call last):
  File "/u/henryb/miniconda3/lib/python3.12/_weakrefset.py", line 39, in _remove
    def _remove(item, selfref=ref(self)):

stopit.utils.TimeoutException: 
Exception ignored in: <function WeakSet.__init__.<locals>._remove at 0x7142257aa980>
Traceback (most recent call last):
  File "/u/henryb/miniconda3/lib/python3.12/_weakrefset.py", line 39, in _remove
    def _remove(item, selfref=ref(self)):

stopit.utils.TimeoutException: 
Exception ignored in: <function WeakSet.__init__.<locals>._remove at 0x733dc0d46980>
Traceback (most recent call last):
  File "/u/henryb/miniconda3/lib/python3.12/_weakrefset.py", line 39, in _remove
    def _remove(item, selfref=ref(self)):

stopit.utils.TimeoutException: 
2490 solved in 41.00998067855835 seconds
2534 unsolved in 28.855877161026 seconds
2597 solved in 10.90145230293274 seconds
2712 solved in 7.2698376178741455 seconds
Exception ignored in: <function WeakSet.__init__.<locals>._remove at 0x7163606aa980>
Traceback (most recent call last):
  File "/u/henryb/miniconda3/lib/python3.12/_weakrefset.py", line 39, in _remove
    def _remove(item, selfref=ref(self)):

stopit.utils.TimeoutException: 
Exception ignored in: <function WeakSet.__init__.<locals>._remove at 0x733dc0d46980>
Traceback (most recent call last):
  File "/u/henryb/miniconda3/lib/python3.12/_weakrefset.py", line 39, in _remove
    def _remove(item, selfref=ref(self)):

stopit.utils.TimeoutException: 
Exception ignored in: <function WeakSet.__init__.<locals>._remove at 0x7600b12b2980>
Traceback (most recent call last):
  File "/u/henryb/miniconda3/lib/python3.12/_weakrefset.py", line 39, in _remove
    def _remove(item, selfref=ref(self)):

stopit.utils.TimeoutException: 
2446 solved in 27.492350578308105 seconds
2407 solved in 56.499590158462524 seconds
2407 error object of type 'NoneType' has no len()
Traceback (most recent call last):
  File "/h/99/henryb/PyEuclid/tests/test.py", line 278, in test_geometry3k
    proof_generator.run()
  File "/h/99/henryb/PyEuclid/pyeuclid/engine/proof_generator.py", line 176, in run
    while len(conditions) > self.max_equation_length_perstep:
          ^^^^^^^^^^^^^^^
TypeError: object of type 'NoneType' has no len()

2563 solved in 11.905162811279297 seconds
2563 error Parallelogram(J,K,L,M)
Traceback (most recent call last):
  File "/h/99/henryb/PyEuclid/tests/test.py", line 279, in test_geometry3k
    proof = proof_generator.get_proof_str()
            ^^^^^^^^^^^^^^^^^^^^^^^^^^^^^^^
  File "/h/99/henryb/PyEuclid/pyeuclid/engine/proof_generator.py", line 329, in get_proof_str
    proof = self.get_proof(node)
            ^^^^^^^^^^^^^^^^^^^^
  File "/h/99/henryb/PyEuclid/pyeuclid/engine/proof_generator.py", line 349, in get_proof
    proof_steps = self.format_proof(node)
                  ^^^^^^^^^^^^^^^^^^^^^^^
  File "/h/99/henryb/PyEuclid/pyeuclid/engine/proof_generator.py", line 296, in format_proof
    format(conclusion)
  File "/h/99/henryb/PyEuclid/pyeuclid/engine/proof_generator.py", line 286, in format
    format(condition)
  File "/h/99/henryb/PyEuclid/pyeuclid/engine/proof_generator.py", line 282, in format
    condition, theorem = trace_fundamental_shape(conditions[0])
                         ^^^^^^^^^^^^^^^^^^^^^^^^^^^^^^^^^^^^^^
  File "/h/99/henryb/PyEuclid/pyeuclid/engine/proof_generator.py", line 239, in trace_fundamental_shape
    (conditions := self.proof_dict[node]) and
                   ~~~~~~~~~~~~~~~^^^^^^
KeyError: Parallelogram(J,K,L,M)

Exception ignored in: <function WeakSet.__init__.<locals>._remove at 0x766aa6eb6980>
Traceback (most recent call last):
  File "/u/henryb/miniconda3/lib/python3.12/_weakrefset.py", line 39, in _remove
    def _remove(item, selfref=ref(self)):

stopit.utils.TimeoutException: 
2404 solved in 58.37139701843262 seconds
Exception ignored in: <function WeakSet.__init__.<locals>._remove at 0x70961c11e980>
Traceback (most recent call last):
  File "/u/henryb/miniconda3/lib/python3.12/_weakrefset.py", line 39, in _remove
    def _remove(item, selfref=ref(self)):

stopit.utils.TimeoutException: 
2631 solved in 17.19904637336731 seconds
2631 error object of type 'NoneType' has no len()
Traceback (most recent call last):
  File "/h/99/henryb/PyEuclid/tests/test.py", line 278, in test_geometry3k
    proof_generator.run()
  File "/h/99/henryb/PyEuclid/pyeuclid/engine/proof_generator.py", line 176, in run
    while len(conditions) > self.max_equation_length_perstep:
          ^^^^^^^^^^^^^^^
TypeError: object of type 'NoneType' has no len()

2593 solved in 2.867147207260132 seconds
2437 solved in 4.486032485961914 seconds
Exception ignored in: <function WeakSet.__init__.<locals>._remove at 0x794f49566980>
Traceback (most recent call last):
  File "/u/henryb/miniconda3/lib/python3.12/_weakrefset.py", line 39, in _remove
    def _remove(item, selfref=ref(self)):

stopit.utils.TimeoutException: 
Exception ignored in: <function WeakSet.__init__.<locals>._remove at 0x7d4ba8c52980>
Traceback (most recent call last):
  File "/u/henryb/miniconda3/lib/python3.12/_weakrefset.py", line 39, in _remove
    def _remove(item, selfref=ref(self)):

stopit.utils.TimeoutException: 
Exception ignored in: <function WeakSet.__init__.<locals>._remove at 0x7600b12b2980>
Traceback (most recent call last):
  File "/u/henryb/miniconda3/lib/python3.12/_weakrefset.py", line 39, in _remove
    def _remove(item, selfref=ref(self)):

stopit.utils.TimeoutException: 
2679 solved in 16.90746831893921 seconds
2679 error object of type 'NoneType' has no len()
Traceback (most recent call last):
  File "/h/99/henryb/PyEuclid/tests/test.py", line 278, in test_geometry3k
    proof_generator.run()
  File "/h/99/henryb/PyEuclid/pyeuclid/engine/proof_generator.py", line 176, in run
    while len(conditions) > self.max_equation_length_perstep:
          ^^^^^^^^^^^^^^^
TypeError: object of type 'NoneType' has no len()

2635 error 
Traceback (most recent call last):
  File "/h/99/henryb/PyEuclid/tests/test.py", line 270, in test_geometry3k
    raise e
  File "/h/99/henryb/PyEuclid/tests/test.py", line 266, in test_geometry3k
    engine.run()
  File "/h/99/henryb/PyEuclid/pyeuclid/engine/engine.py", line 12, in run
    self.search()
  File "/h/99/henryb/PyEuclid/pyeuclid/engine/engine.py", line 25, in search
    self.algebraic_system.run()
  File "/h/99/henryb/PyEuclid/pyeuclid/engine/algebraic_system.py", line 329, in run
    self.solve_equation()
  File "/h/99/henryb/PyEuclid/pyeuclid/engine/algebraic_system.py", line 168, in solve_equation
    free, solved = self.elim([item for item in eqs if not item.redundant], var_types)
                   ^^^^^^^^^^^^^^^^^^^^^^^^^^^^^^^^^^^^^^^^^^^^^^^^^^^^^^^^^^^^^^^^^^
  File "/h/99/henryb/PyEuclid/pyeuclid/engine/algebraic_system.py", line 106, in elim
    eqn = self.process_equation(eqn, check=True)
          ^^^^^^^^^^^^^^^^^^^^^^^^^^^^^^^^^^^^^^
  File "/h/99/henryb/PyEuclid/pyeuclid/engine/algebraic_system.py", line 42, in process_equation
    assert False
           ^^^^^
AssertionError

Exception ignored in: <function WeakSet.__init__.<locals>._remove at 0x70961c11e980>
Traceback (most recent call last):
  File "/u/henryb/miniconda3/lib/python3.12/_weakrefset.py", line 39, in _remove
    def _remove(item, selfref=ref(self)):

stopit.utils.TimeoutException: 
2634 solved in 27.872756481170654 seconds
2434 unsolved in 7.577094793319702 seconds
2627 solved in 1.2600538730621338 seconds
2627 error object of type 'NoneType' has no len()
Traceback (most recent call last):
  File "/h/99/henryb/PyEuclid/tests/test.py", line 278, in test_geometry3k
    proof_generator.run()
  File "/h/99/henryb/PyEuclid/pyeuclid/engine/proof_generator.py", line 176, in run
    while len(conditions) > self.max_equation_length_perstep:
          ^^^^^^^^^^^^^^^
TypeError: object of type 'NoneType' has no len()

2661 solved in 7.854080677032471 seconds
Exception ignored in: <function WeakSet.__init__.<locals>._remove at 0x73368c882980>
Traceback (most recent call last):
  File "/u/henryb/miniconda3/lib/python3.12/_weakrefset.py", line 39, in _remove
    def _remove(item, selfref=ref(self)):

stopit.utils.TimeoutException: 
2709 solved in 3.2958498001098633 seconds
2467 solved in 4.8349995613098145 seconds
2657 solved in 0.649315595626831 seconds
2492 error 
Traceback (most recent call last):
  File "/h/99/henryb/PyEuclid/tests/test.py", line 270, in test_geometry3k
    raise e
  File "/h/99/henryb/PyEuclid/tests/test.py", line 266, in test_geometry3k
    engine.run()
  File "/h/99/henryb/PyEuclid/pyeuclid/engine/engine.py", line 12, in run
    self.search()
  File "/h/99/henryb/PyEuclid/pyeuclid/engine/engine.py", line 25, in search
    self.algebraic_system.run()
  File "/h/99/henryb/PyEuclid/pyeuclid/engine/algebraic_system.py", line 329, in run
    self.solve_equation()
  File "/h/99/henryb/PyEuclid/pyeuclid/engine/algebraic_system.py", line 171, in solve_equation
    free, solved = self.elim(length_linear, var_types, remove_redundant=False)
                   ^^^^^^^^^^^^^^^^^^^^^^^^^^^^^^^^^^^^^^^^^^^^^^^^^^^^^^^^^^^
  File "/h/99/henryb/PyEuclid/pyeuclid/engine/algebraic_system.py", line 106, in elim
    eqn = self.process_equation(eqn, check=True)
          ^^^^^^^^^^^^^^^^^^^^^^^^^^^^^^^^^^^^^^
  File "/h/99/henryb/PyEuclid/pyeuclid/engine/algebraic_system.py", line 42, in process_equation
    assert False
           ^^^^^
AssertionError

2691 solved in 0.6094100475311279 seconds
2623 unsolved in 7.853807210922241 seconds
Exception ignored in: <function WeakSet.__init__.<locals>._remove at 0x731e8617a980>
Traceback (most recent call last):
  File "/u/henryb/miniconda3/lib/python3.12/_weakrefset.py", line 39, in _remove
    def _remove(item, selfref=ref(self)):

stopit.utils.TimeoutException: 
Exception ignored in: <function WeakSet.__init__.<locals>._remove at 0x7d4ba8c52980>
Traceback (most recent call last):
  File "/u/henryb/miniconda3/lib/python3.12/_weakrefset.py", line 39, in _remove
    def _remove(item, selfref=ref(self)):

stopit.utils.TimeoutException: 
2496 solved in 28.781503677368164 seconds
2564 solved in 19.37981390953064 seconds
2564 error Rectangle(B,C,D,E)
Traceback (most recent call last):
  File "/h/99/henryb/PyEuclid/tests/test.py", line 279, in test_geometry3k
    proof = proof_generator.get_proof_str()
            ^^^^^^^^^^^^^^^^^^^^^^^^^^^^^^^
  File "/h/99/henryb/PyEuclid/pyeuclid/engine/proof_generator.py", line 329, in get_proof_str
    proof = self.get_proof(node)
            ^^^^^^^^^^^^^^^^^^^^
  File "/h/99/henryb/PyEuclid/pyeuclid/engine/proof_generator.py", line 349, in get_proof
    proof_steps = self.format_proof(node)
                  ^^^^^^^^^^^^^^^^^^^^^^^
  File "/h/99/henryb/PyEuclid/pyeuclid/engine/proof_generator.py", line 296, in format_proof
    format(conclusion)
  File "/h/99/henryb/PyEuclid/pyeuclid/engine/proof_generator.py", line 286, in format
    format(condition)
  File "/h/99/henryb/PyEuclid/pyeuclid/engine/proof_generator.py", line 286, in format
    format(condition)
  File "/h/99/henryb/PyEuclid/pyeuclid/engine/proof_generator.py", line 282, in format
    condition, theorem = trace_fundamental_shape(conditions[0])
                         ^^^^^^^^^^^^^^^^^^^^^^^^^^^^^^^^^^^^^^
  File "/h/99/henryb/PyEuclid/pyeuclid/engine/proof_generator.py", line 239, in trace_fundamental_shape
    (conditions := self.proof_dict[node]) and
                   ~~~~~~~~~~~~~~~^^^^^^
KeyError: Rectangle(B,C,D,E)

2665 solved in 6.234569549560547 seconds
2721 unsolved in 3.766935348510742 seconds
2487 solved in 66.31424713134766 seconds
Exception ignored in: <function WeakSet.__init__.<locals>._remove at 0x73368c882980>
Traceback (most recent call last):
  File "/u/henryb/miniconda3/lib/python3.12/_weakrefset.py", line 39, in _remove
    def _remove(item, selfref=ref(self)):

stopit.utils.TimeoutException: 
2464 solved in 7.125507831573486 seconds
2594 solved in 3.2582688331604004 seconds
Exception ignored in: <function WeakSet.__init__.<locals>._remove at 0x76b556d76980>
Traceback (most recent call last):
  File "/u/henryb/miniconda3/lib/python3.12/_weakrefset.py", line 39, in _remove
    def _remove(item, selfref=ref(self)):

stopit.utils.TimeoutException: 
Exception ignored in: <function WeakSet.__init__.<locals>._remove at 0x731e8617a980>
Traceback (most recent call last):
  File "/u/henryb/miniconda3/lib/python3.12/_weakrefset.py", line 39, in _remove
    def _remove(item, selfref=ref(self)):

stopit.utils.TimeoutException: 
2517 solved in 2.504574775695801 seconds
2476 solved in 20.809623956680298 seconds
2695 solved in 5.284976005554199 seconds
2573 solved in 44.59534692764282 seconds
2573 error object of type 'NoneType' has no len()
Traceback (most recent call last):
  File "/h/99/henryb/PyEuclid/tests/test.py", line 278, in test_geometry3k
    proof_generator.run()
  File "/h/99/henryb/PyEuclid/pyeuclid/engine/proof_generator.py", line 176, in run
    while len(conditions) > self.max_equation_length_perstep:
          ^^^^^^^^^^^^^^^
TypeError: object of type 'NoneType' has no len()

Exception ignored in: <function WeakSet.__init__.<locals>._remove at 0x7600b12b2980>
Traceback (most recent call last):
  File "/u/henryb/miniconda3/lib/python3.12/_weakrefset.py", line 39, in _remove
    def _remove(item, selfref=ref(self)):

stopit.utils.TimeoutException: 
Exception ignored in: <function WeakSet.__init__.<locals>._remove at 0x755dd6852980>
Traceback (most recent call last):
  File "/u/henryb/miniconda3/lib/python3.12/_weakrefset.py", line 39, in _remove
    def _remove(item, selfref=ref(self)):

stopit.utils.TimeoutException: 
Exception ignored in: <function WeakSet.__init__.<locals>._remove at 0x707552e62980>
Traceback (most recent call last):
  File "/u/henryb/miniconda3/lib/python3.12/_weakrefset.py", line 39, in _remove
    def _remove(item, selfref=ref(self)):

stopit.utils.TimeoutException: 
2522 unsolved in 11.82693600654602 seconds
Exception ignored in: <function WeakSet.__init__.<locals>._remove at 0x707552e62980>
Traceback (most recent call last):
  File "/u/henryb/miniconda3/lib/python3.12/_weakrefset.py", line 39, in _remove
    def _remove(item, selfref=ref(self)):

stopit.utils.TimeoutException: 
2552 solved in 1.657578468322754 seconds
Exception ignored in: <function WeakSet.__init__.<locals>._remove at 0x731e8617a980>
Traceback (most recent call last):
  File "/u/henryb/miniconda3/lib/python3.12/_weakrefset.py", line 39, in _remove
    def _remove(item, selfref=ref(self)):

stopit.utils.TimeoutException: 
Exception ignored in: <function WeakSet.__init__.<locals>._remove at 0x70249042e980>
Traceback (most recent call last):
  File "/u/henryb/miniconda3/lib/python3.12/_weakrefset.py", line 39, in _remove
    def _remove(item, selfref=ref(self)):

stopit.utils.TimeoutException: 
2742 solved in 28.584338426589966 seconds
2739 solved in 15.63427186012268 seconds
2739 error Parallelogram(A,B,D,C)
Traceback (most recent call last):
  File "/h/99/henryb/PyEuclid/tests/test.py", line 279, in test_geometry3k
    proof = proof_generator.get_proof_str()
            ^^^^^^^^^^^^^^^^^^^^^^^^^^^^^^^
  File "/h/99/henryb/PyEuclid/pyeuclid/engine/proof_generator.py", line 329, in get_proof_str
    proof = self.get_proof(node)
            ^^^^^^^^^^^^^^^^^^^^
  File "/h/99/henryb/PyEuclid/pyeuclid/engine/proof_generator.py", line 349, in get_proof
    proof_steps = self.format_proof(node)
                  ^^^^^^^^^^^^^^^^^^^^^^^
  File "/h/99/henryb/PyEuclid/pyeuclid/engine/proof_generator.py", line 296, in format_proof
    format(conclusion)
  File "/h/99/henryb/PyEuclid/pyeuclid/engine/proof_generator.py", line 286, in format
    format(condition)
  File "/h/99/henryb/PyEuclid/pyeuclid/engine/proof_generator.py", line 286, in format
    format(condition)
  File "/h/99/henryb/PyEuclid/pyeuclid/engine/proof_generator.py", line 286, in format
    format(condition)
  File "/h/99/henryb/PyEuclid/pyeuclid/engine/proof_generator.py", line 282, in format
    condition, theorem = trace_fundamental_shape(conditions[0])
                         ^^^^^^^^^^^^^^^^^^^^^^^^^^^^^^^^^^^^^^
  File "/h/99/henryb/PyEuclid/pyeuclid/engine/proof_generator.py", line 239, in trace_fundamental_shape
    (conditions := self.proof_dict[node]) and
                   ~~~~~~~~~~~~~~~^^^^^^
KeyError: Parallelogram(A,B,D,C)

Exception ignored in: <function WeakSet.__init__.<locals>._remove at 0x7d4ba8c52980>
Traceback (most recent call last):
  File "/u/henryb/miniconda3/lib/python3.12/_weakrefset.py", line 39, in _remove
    def _remove(item, selfref=ref(self)):

stopit.utils.TimeoutException: 
Exception ignored in: <function WeakSet.__init__.<locals>._remove at 0x76b556d76980>
Traceback (most recent call last):
  File "/u/henryb/miniconda3/lib/python3.12/_weakrefset.py", line 39, in _remove
    def _remove(item, selfref=ref(self)):

stopit.utils.TimeoutException: 
Exception ignored in: <function WeakSet.__init__.<locals>._remove at 0x743a8a566980>
Traceback (most recent call last):
  File "/u/henryb/miniconda3/lib/python3.12/_weakrefset.py", line 39, in _remove
    def _remove(item, selfref=ref(self)):

stopit.utils.TimeoutException: 
2431 error 
Traceback (most recent call last):
  File "/h/99/henryb/PyEuclid/tests/test.py", line 270, in test_geometry3k
    raise e
  File "/h/99/henryb/PyEuclid/tests/test.py", line 266, in test_geometry3k
    engine.run()
  File "/h/99/henryb/PyEuclid/pyeuclid/engine/engine.py", line 12, in run
    self.search()
  File "/h/99/henryb/PyEuclid/pyeuclid/engine/engine.py", line 25, in search
    self.algebraic_system.run()
  File "/h/99/henryb/PyEuclid/pyeuclid/engine/algebraic_system.py", line 329, in run
    self.solve_equation()
  File "/h/99/henryb/PyEuclid/pyeuclid/engine/algebraic_system.py", line 171, in solve_equation
    free, solved = self.elim(length_linear, var_types, remove_redundant=False)
                   ^^^^^^^^^^^^^^^^^^^^^^^^^^^^^^^^^^^^^^^^^^^^^^^^^^^^^^^^^^^
  File "/h/99/henryb/PyEuclid/pyeuclid/engine/algebraic_system.py", line 106, in elim
    eqn = self.process_equation(eqn, check=True)
          ^^^^^^^^^^^^^^^^^^^^^^^^^^^^^^^^^^^^^^
  File "/h/99/henryb/PyEuclid/pyeuclid/engine/algebraic_system.py", line 42, in process_equation
    assert False
           ^^^^^
AssertionError

2461 error Centroid.__init__() takes 5 positional arguments but 8 were given
Traceback (most recent call last):
  File "/h/99/henryb/PyEuclid/tests/test.py", line 246, in test_geometry3k
    exec(file.read(), namespace)
  File "<string>", line 7, in <module>
TypeError: Centroid.__init__() takes 5 positional arguments but 8 were given

2769 solved in 1.7582530975341797 seconds
2769 error object of type 'NoneType' has no len()
Traceback (most recent call last):
  File "/h/99/henryb/PyEuclid/tests/test.py", line 278, in test_geometry3k
    proof_generator.run()
  File "/h/99/henryb/PyEuclid/pyeuclid/engine/proof_generator.py", line 176, in run
    while len(conditions) > self.max_equation_length_perstep:
          ^^^^^^^^^^^^^^^
TypeError: object of type 'NoneType' has no len()

Exception ignored in: <function WeakSet.__init__.<locals>._remove at 0x7163606aa980>
Traceback (most recent call last):
  File "/u/henryb/miniconda3/lib/python3.12/_weakrefset.py", line 39, in _remove
    def _remove(item, selfref=ref(self)):

stopit.utils.TimeoutException: 
2624 unsolved in 12.286015510559082 seconds
2491 solved in 2.590705633163452 seconds
2491 error object of type 'NoneType' has no len()
Traceback (most recent call last):
  File "/h/99/henryb/PyEuclid/tests/test.py", line 278, in test_geometry3k
    proof_generator.run()
  File "/h/99/henryb/PyEuclid/pyeuclid/engine/proof_generator.py", line 176, in run
    while len(conditions) > self.max_equation_length_perstep:
          ^^^^^^^^^^^^^^^
TypeError: object of type 'NoneType' has no len()

2521 solved in 0.6349523067474365 seconds
2520 solved in 40.65106391906738 seconds
Exception ignored in: <function WeakSet.__init__.<locals>._remove at 0x76b556d76980>
Traceback (most recent call last):
  File "/u/henryb/miniconda3/lib/python3.12/_weakrefset.py", line 39, in _remove
    def _remove(item, selfref=ref(self)):

stopit.utils.TimeoutException: 
2506 solved in 13.019190788269043 seconds
2506 error Parallelogram(J,K,L,M)
Traceback (most recent call last):
  File "/h/99/henryb/PyEuclid/tests/test.py", line 279, in test_geometry3k
    proof = proof_generator.get_proof_str()
            ^^^^^^^^^^^^^^^^^^^^^^^^^^^^^^^
  File "/h/99/henryb/PyEuclid/pyeuclid/engine/proof_generator.py", line 329, in get_proof_str
    proof = self.get_proof(node)
            ^^^^^^^^^^^^^^^^^^^^
  File "/h/99/henryb/PyEuclid/pyeuclid/engine/proof_generator.py", line 349, in get_proof
    proof_steps = self.format_proof(node)
                  ^^^^^^^^^^^^^^^^^^^^^^^
  File "/h/99/henryb/PyEuclid/pyeuclid/engine/proof_generator.py", line 296, in format_proof
    format(conclusion)
  File "/h/99/henryb/PyEuclid/pyeuclid/engine/proof_generator.py", line 286, in format
    format(condition)
  File "/h/99/henryb/PyEuclid/pyeuclid/engine/proof_generator.py", line 282, in format
    condition, theorem = trace_fundamental_shape(conditions[0])
                         ^^^^^^^^^^^^^^^^^^^^^^^^^^^^^^^^^^^^^^
  File "/h/99/henryb/PyEuclid/pyeuclid/engine/proof_generator.py", line 239, in trace_fundamental_shape
    (conditions := self.proof_dict[node]) and
                   ~~~~~~~~~~~~~~~^^^^^^
KeyError: Parallelogram(J,K,L,M)

2486 solved in 12.78033995628357 seconds
2493 solved in 52.79408240318298 seconds
2772 solved in 10.148627996444702 seconds
Exception ignored in: <function WeakSet.__init__.<locals>._remove at 0x72ffeba2e980>
Traceback (most recent call last):
  File "/u/henryb/miniconda3/lib/python3.12/_weakrefset.py", line 39, in _remove
    def _remove(item, selfref=ref(self)):

stopit.utils.TimeoutException: 
Exception ignored in: <function WeakSet.__init__.<locals>._remove at 0x755dd6852980>
Traceback (most recent call last):
  File "/u/henryb/miniconda3/lib/python3.12/_weakrefset.py", line 39, in _remove
    def _remove(item, selfref=ref(self)):

stopit.utils.TimeoutException: 
2551 solved in 7.711534023284912 seconds
Exception ignored in: <function WeakSet.__init__.<locals>._remove at 0x735642fde980>
Traceback (most recent call last):
  File "/u/henryb/miniconda3/lib/python3.12/_weakrefset.py", line 39, in _remove
    def _remove(item, selfref=ref(self)):

stopit.utils.TimeoutException: 
Exception ignored in: <function WeakSet.__init__.<locals>._remove at 0x76b556d76980>
Traceback (most recent call last):
  File "/u/henryb/miniconda3/lib/python3.12/_weakrefset.py", line 39, in _remove
    def _remove(item, selfref=ref(self)):

stopit.utils.TimeoutException: 
Exception ignored in: <function WeakSet.__init__.<locals>._remove at 0x70249042e980>
Traceback (most recent call last):
  File "/u/henryb/miniconda3/lib/python3.12/_weakrefset.py", line 39, in _remove
    def _remove(item, selfref=ref(self)):

stopit.utils.TimeoutException: 
2516 solved in 9.083284854888916 seconds
2516 error object of type 'NoneType' has no len()
Traceback (most recent call last):
  File "/h/99/henryb/PyEuclid/tests/test.py", line 278, in test_geometry3k
    proof_generator.run()
  File "/h/99/henryb/PyEuclid/pyeuclid/engine/proof_generator.py", line 176, in run
    while len(conditions) > self.max_equation_length_perstep:
          ^^^^^^^^^^^^^^^
TypeError: object of type 'NoneType' has no len()

2546 solved in 0.026345252990722656 seconds
2546 error object of type 'NoneType' has no len()
Traceback (most recent call last):
  File "/h/99/henryb/PyEuclid/tests/test.py", line 278, in test_geometry3k
    proof_generator.run()
  File "/h/99/henryb/PyEuclid/pyeuclid/engine/proof_generator.py", line 176, in run
    while len(conditions) > self.max_equation_length_perstep:
          ^^^^^^^^^^^^^^^
TypeError: object of type 'NoneType' has no len()

2547 solved in 25.288134813308716 seconds
2802 solved in 1.7477929592132568 seconds
Exception ignored in: <function WeakSet.__init__.<locals>._remove at 0x733dc0d46980>
Traceback (most recent call last):
  File "/u/henryb/miniconda3/lib/python3.12/_weakrefset.py", line 39, in _remove
    def _remove(item, selfref=ref(self)):

stopit.utils.TimeoutException: 
2603 solved in 23.065870761871338 seconds
2687 solved in 35.891087770462036 seconds
2581 solved in 5.334803819656372 seconds
2581 error Parallelogram(A,B,D,C)
Traceback (most recent call last):
  File "/h/99/henryb/PyEuclid/tests/test.py", line 279, in test_geometry3k
    proof = proof_generator.get_proof_str()
            ^^^^^^^^^^^^^^^^^^^^^^^^^^^^^^^
  File "/h/99/henryb/PyEuclid/pyeuclid/engine/proof_generator.py", line 329, in get_proof_str
    proof = self.get_proof(node)
            ^^^^^^^^^^^^^^^^^^^^
  File "/h/99/henryb/PyEuclid/pyeuclid/engine/proof_generator.py", line 349, in get_proof
    proof_steps = self.format_proof(node)
                  ^^^^^^^^^^^^^^^^^^^^^^^
  File "/h/99/henryb/PyEuclid/pyeuclid/engine/proof_generator.py", line 296, in format_proof
    format(conclusion)
  File "/h/99/henryb/PyEuclid/pyeuclid/engine/proof_generator.py", line 286, in format
    format(condition)
  File "/h/99/henryb/PyEuclid/pyeuclid/engine/proof_generator.py", line 282, in format
    condition, theorem = trace_fundamental_shape(conditions[0])
                         ^^^^^^^^^^^^^^^^^^^^^^^^^^^^^^^^^^^^^^
  File "/h/99/henryb/PyEuclid/pyeuclid/engine/proof_generator.py", line 239, in trace_fundamental_shape
    (conditions := self.proof_dict[node]) and
                   ~~~~~~~~~~~~~~~^^^^^^
KeyError: Parallelogram(A,B,D,C)

2576 solved in 2.650968074798584 seconds
2550 solved in 15.224749326705933 seconds
2550 error Rhombus(A,B,C,D)
Traceback (most recent call last):
  File "/h/99/henryb/PyEuclid/tests/test.py", line 279, in test_geometry3k
    proof = proof_generator.get_proof_str()
            ^^^^^^^^^^^^^^^^^^^^^^^^^^^^^^^
  File "/h/99/henryb/PyEuclid/pyeuclid/engine/proof_generator.py", line 329, in get_proof_str
    proof = self.get_proof(node)
            ^^^^^^^^^^^^^^^^^^^^
  File "/h/99/henryb/PyEuclid/pyeuclid/engine/proof_generator.py", line 349, in get_proof
    proof_steps = self.format_proof(node)
                  ^^^^^^^^^^^^^^^^^^^^^^^
  File "/h/99/henryb/PyEuclid/pyeuclid/engine/proof_generator.py", line 296, in format_proof
    format(conclusion)
  File "/h/99/henryb/PyEuclid/pyeuclid/engine/proof_generator.py", line 286, in format
    format(condition)
  File "/h/99/henryb/PyEuclid/pyeuclid/engine/proof_generator.py", line 282, in format
    condition, theorem = trace_fundamental_shape(conditions[0])
                         ^^^^^^^^^^^^^^^^^^^^^^^^^^^^^^^^^^^^^^
  File "/h/99/henryb/PyEuclid/pyeuclid/engine/proof_generator.py", line 239, in trace_fundamental_shape
    (conditions := self.proof_dict[node]) and
                   ~~~~~~~~~~~~~~~^^^^^^
KeyError: Rhombus(A,B,C,D)

2611 solved in 1.626490592956543 seconds
Exception ignored in: <function WeakSet.__init__.<locals>._remove at 0x731e8617a980>
Traceback (most recent call last):
  File "/u/henryb/miniconda3/lib/python3.12/_weakrefset.py", line 39, in _remove
    def _remove(item, selfref=ref(self)):

stopit.utils.TimeoutException: 
2832 solved in 4.124728679656982 seconds
2832 error object of type 'NoneType' has no len()
Traceback (most recent call last):
  File "/h/99/henryb/PyEuclid/tests/test.py", line 278, in test_geometry3k
    proof_generator.run()
  File "/h/99/henryb/PyEuclid/pyeuclid/engine/proof_generator.py", line 176, in run
    while len(conditions) > self.max_equation_length_perstep:
          ^^^^^^^^^^^^^^^
TypeError: object of type 'NoneType' has no len()

Exception ignored in: <function WeakSet.__init__.<locals>._remove at 0x7600b12b2980>
Traceback (most recent call last):
  File "/u/henryb/miniconda3/lib/python3.12/_weakrefset.py", line 39, in _remove
    def _remove(item, selfref=ref(self)):

stopit.utils.TimeoutException: 
2641 solved in 1.2366828918457031 seconds
2862 solved in 0.8166475296020508 seconds
2892 error Centroid.__init__() takes 5 positional arguments but 8 were given
Traceback (most recent call last):
  File "/h/99/henryb/PyEuclid/tests/test.py", line 246, in test_geometry3k
    exec(file.read(), namespace)
  File "<string>", line 7, in <module>
TypeError: Centroid.__init__() takes 5 positional arguments but 8 were given

Exception ignored in: <function WeakSet.__init__.<locals>._remove at 0x735642fde980>
Traceback (most recent call last):
  File "/u/henryb/miniconda3/lib/python3.12/_weakrefset.py", line 39, in _remove
    def _remove(item, selfref=ref(self)):

stopit.utils.TimeoutException: 
Exception ignored in: <function WeakSet.__init__.<locals>._remove at 0x76b556d76980>
Traceback (most recent call last):
  File "/u/henryb/miniconda3/lib/python3.12/_weakrefset.py", line 39, in _remove
    def _remove(item, selfref=ref(self)):

stopit.utils.TimeoutException: 
2580 solved in 5.85032844543457 seconds
2606 solved in 6.431146860122681 seconds
2606 error object of type 'NoneType' has no len()
Traceback (most recent call last):
  File "/h/99/henryb/PyEuclid/tests/test.py", line 278, in test_geometry3k
    proof_generator.run()
  File "/h/99/henryb/PyEuclid/pyeuclid/engine/proof_generator.py", line 176, in run
    while len(conditions) > self.max_equation_length_perstep:
          ^^^^^^^^^^^^^^^
TypeError: object of type 'NoneType' has no len()

2725 solved in 35.81773591041565 seconds
2610 solved in 2.1336445808410645 seconds
2755 solved in 1.9052808284759521 seconds
2440 unsolved in 109.70876336097717 seconds
Exception ignored in: <function WeakSet.__init__.<locals>._remove at 0x7717d9a1a980>
Traceback (most recent call last):
  File "/u/henryb/miniconda3/lib/python3.12/_weakrefset.py", line 39, in _remove
    def _remove(item, selfref=ref(self)):

stopit.utils.TimeoutException: 
2582 solved in 35.30323934555054 seconds
Exception ignored in: <function WeakSet.__init__.<locals>._remove at 0x7600b12b2980>
Traceback (most recent call last):
  File "/u/henryb/miniconda3/lib/python3.12/_weakrefset.py", line 39, in _remove
    def _remove(item, selfref=ref(self)):

stopit.utils.TimeoutException: 
Exception ignored in: <function WeakSet.__init__.<locals>._remove at 0x76b556d76980>
Traceback (most recent call last):
  File "/u/henryb/miniconda3/lib/python3.12/_weakrefset.py", line 39, in _remove
    def _remove(item, selfref=ref(self)):

stopit.utils.TimeoutException: 
2480 solved in 107.75306034088135 seconds
2480 error object of type 'NoneType' has no len()
Traceback (most recent call last):
  File "/h/99/henryb/PyEuclid/tests/test.py", line 278, in test_geometry3k
    proof_generator.run()
  File "/h/99/henryb/PyEuclid/pyeuclid/engine/proof_generator.py", line 176, in run
    while len(conditions) > self.max_equation_length_perstep:
          ^^^^^^^^^^^^^^^
TypeError: object of type 'NoneType' has no len()

Exception ignored in: <function WeakSet.__init__.<locals>._remove at 0x733dc0d46980>
Traceback (most recent call last):
  File "/u/henryb/miniconda3/lib/python3.12/_weakrefset.py", line 39, in _remove
    def _remove(item, selfref=ref(self)):

stopit.utils.TimeoutException: 
2640 solved in 7.15524959564209 seconds
2640 error object of type 'NoneType' has no len()
Traceback (most recent call last):
  File "/h/99/henryb/PyEuclid/tests/test.py", line 278, in test_geometry3k
    proof_generator.run()
  File "/h/99/henryb/PyEuclid/pyeuclid/engine/proof_generator.py", line 176, in run
    while len(conditions) > self.max_equation_length_perstep:
          ^^^^^^^^^^^^^^^
TypeError: object of type 'NoneType' has no len()

Exception ignored in: <function WeakSet.__init__.<locals>._remove at 0x755dd6852980>
Traceback (most recent call last):
  File "/u/henryb/miniconda3/lib/python3.12/_weakrefset.py", line 39, in _remove
    def _remove(item, selfref=ref(self)):

stopit.utils.TimeoutException: 
2510 solved in 3.1718173027038574 seconds
2470 solved in 8.26446795463562 seconds
2470 error Rhombus(L,M,P,Q)
Traceback (most recent call last):
  File "/h/99/henryb/PyEuclid/tests/test.py", line 279, in test_geometry3k
    proof = proof_generator.get_proof_str()
            ^^^^^^^^^^^^^^^^^^^^^^^^^^^^^^^
  File "/h/99/henryb/PyEuclid/pyeuclid/engine/proof_generator.py", line 329, in get_proof_str
    proof = self.get_proof(node)
            ^^^^^^^^^^^^^^^^^^^^
  File "/h/99/henryb/PyEuclid/pyeuclid/engine/proof_generator.py", line 349, in get_proof
    proof_steps = self.format_proof(node)
                  ^^^^^^^^^^^^^^^^^^^^^^^
  File "/h/99/henryb/PyEuclid/pyeuclid/engine/proof_generator.py", line 296, in format_proof
    format(conclusion)
  File "/h/99/henryb/PyEuclid/pyeuclid/engine/proof_generator.py", line 286, in format
    format(condition)
  File "/h/99/henryb/PyEuclid/pyeuclid/engine/proof_generator.py", line 282, in format
    condition, theorem = trace_fundamental_shape(conditions[0])
                         ^^^^^^^^^^^^^^^^^^^^^^^^^^^^^^^^^^^^^^
  File "/h/99/henryb/PyEuclid/pyeuclid/engine/proof_generator.py", line 239, in trace_fundamental_shape
    (conditions := self.proof_dict[node]) and
                   ~~~~~~~~~~~~~~~^^^^^^
KeyError: Rhombus(L,M,P,Q)

2536 solved in 36.24926042556763 seconds
Exception ignored in: <function WeakSet.__init__.<locals>._remove at 0x733dc0d46980>
Traceback (most recent call last):
  File "/u/henryb/miniconda3/lib/python3.12/_weakrefset.py", line 39, in _remove
    def _remove(item, selfref=ref(self)):

stopit.utils.TimeoutException: 
Exception ignored in: <function WeakSet.__init__.<locals>._remove at 0x76b556d76980>
Traceback (most recent call last):
  File "/u/henryb/miniconda3/lib/python3.12/_weakrefset.py", line 39, in _remove
    def _remove(item, selfref=ref(self)):

stopit.utils.TimeoutException: 
2799 solved in 44.15868806838989 seconds
2497 solved in 65.3860445022583 seconds
2671 solved in 25.40021300315857 seconds
Exception ignored in: <function WeakSet.__init__.<locals>._remove at 0x76b556d76980>
Traceback (most recent call last):
  File "/u/henryb/miniconda3/lib/python3.12/_weakrefset.py", line 39, in _remove
    def _remove(item, selfref=ref(self)):

stopit.utils.TimeoutException: 
2566 unsolved in 7.965059518814087 seconds
Exception ignored in: <function WeakSet.__init__.<locals>._remove at 0x766aa6eb6980>
Traceback (most recent call last):
  File "/u/henryb/miniconda3/lib/python3.12/_weakrefset.py", line 39, in _remove
    def _remove(item, selfref=ref(self)):

stopit.utils.TimeoutException: 
2596 solved in 0.6467585563659668 seconds
2922 unsolved in 28.0705783367157 seconds
2527 solved in 4.707345008850098 seconds
2527 error Parallelogram(A,B,C,D)
Traceback (most recent call last):
  File "/h/99/henryb/PyEuclid/tests/test.py", line 279, in test_geometry3k
    proof = proof_generator.get_proof_str()
            ^^^^^^^^^^^^^^^^^^^^^^^^^^^^^^^
  File "/h/99/henryb/PyEuclid/pyeuclid/engine/proof_generator.py", line 329, in get_proof_str
    proof = self.get_proof(node)
            ^^^^^^^^^^^^^^^^^^^^
  File "/h/99/henryb/PyEuclid/pyeuclid/engine/proof_generator.py", line 349, in get_proof
    proof_steps = self.format_proof(node)
                  ^^^^^^^^^^^^^^^^^^^^^^^
  File "/h/99/henryb/PyEuclid/pyeuclid/engine/proof_generator.py", line 296, in format_proof
    format(conclusion)
  File "/h/99/henryb/PyEuclid/pyeuclid/engine/proof_generator.py", line 286, in format
    format(condition)
  File "/h/99/henryb/PyEuclid/pyeuclid/engine/proof_generator.py", line 282, in format
    condition, theorem = trace_fundamental_shape(conditions[0])
                         ^^^^^^^^^^^^^^^^^^^^^^^^^^^^^^^^^^^^^^
  File "/h/99/henryb/PyEuclid/pyeuclid/engine/proof_generator.py", line 239, in trace_fundamental_shape
    (conditions := self.proof_dict[node]) and
                   ~~~~~~~~~~~~~~~^^^^^^
KeyError: Parallelogram(A,B,C,D)

Exception ignored in: <function WeakSet.__init__.<locals>._remove at 0x7717d9a1a980>
Traceback (most recent call last):
  File "/u/henryb/miniconda3/lib/python3.12/_weakrefset.py", line 39, in _remove
    def _remove(item, selfref=ref(self)):

stopit.utils.TimeoutException: 
2636 solved in 27.803770542144775 seconds
2636 error object of type 'NoneType' has no len()
Traceback (most recent call last):
  File "/h/99/henryb/PyEuclid/tests/test.py", line 278, in test_geometry3k
    proof_generator.run()
  File "/h/99/henryb/PyEuclid/pyeuclid/engine/proof_generator.py", line 176, in run
    while len(conditions) > self.max_equation_length_perstep:
          ^^^^^^^^^^^^^^^
TypeError: object of type 'NoneType' has no len()

2523 unsolved in 47.177589654922485 seconds
2557 solved in 2.7891199588775635 seconds
2557 error object of type 'NoneType' has no len()
Traceback (most recent call last):
  File "/h/99/henryb/PyEuclid/tests/test.py", line 278, in test_geometry3k
    proof_generator.run()
  File "/h/99/henryb/PyEuclid/pyeuclid/engine/proof_generator.py", line 176, in run
    while len(conditions) > self.max_equation_length_perstep:
          ^^^^^^^^^^^^^^^
TypeError: object of type 'NoneType' has no len()

2701 solved in 6.499293804168701 seconds
2701 error Parallelogram(W,X,Y,Z)
Traceback (most recent call last):
  File "/h/99/henryb/PyEuclid/tests/test.py", line 279, in test_geometry3k
    proof = proof_generator.get_proof_str()
            ^^^^^^^^^^^^^^^^^^^^^^^^^^^^^^^
  File "/h/99/henryb/PyEuclid/pyeuclid/engine/proof_generator.py", line 329, in get_proof_str
    proof = self.get_proof(node)
            ^^^^^^^^^^^^^^^^^^^^
  File "/h/99/henryb/PyEuclid/pyeuclid/engine/proof_generator.py", line 349, in get_proof
    proof_steps = self.format_proof(node)
                  ^^^^^^^^^^^^^^^^^^^^^^^
  File "/h/99/henryb/PyEuclid/pyeuclid/engine/proof_generator.py", line 296, in format_proof
    format(conclusion)
  File "/h/99/henryb/PyEuclid/pyeuclid/engine/proof_generator.py", line 286, in format
    format(condition)
  File "/h/99/henryb/PyEuclid/pyeuclid/engine/proof_generator.py", line 282, in format
    condition, theorem = trace_fundamental_shape(conditions[0])
                         ^^^^^^^^^^^^^^^^^^^^^^^^^^^^^^^^^^^^^^
  File "/h/99/henryb/PyEuclid/pyeuclid/engine/proof_generator.py", line 239, in trace_fundamental_shape
    (conditions := self.proof_dict[node]) and
                   ~~~~~~~~~~~~~~~^^^^^^
KeyError: Parallelogram(W,X,Y,Z)

2654 unsolved in 54.04553961753845 seconds
Exception ignored in: <function WeakSet.__init__.<locals>._remove at 0x7d4ba8c52980>
Traceback (most recent call last):
  File "/u/henryb/miniconda3/lib/python3.12/_weakrefset.py", line 39, in _remove
    def _remove(item, selfref=ref(self)):

stopit.utils.TimeoutException: 
2626 solved in 7.623016357421875 seconds
2626 error Parallelogram(A,B,C,D)
Traceback (most recent call last):
  File "/h/99/henryb/PyEuclid/tests/test.py", line 279, in test_geometry3k
    proof = proof_generator.get_proof_str()
            ^^^^^^^^^^^^^^^^^^^^^^^^^^^^^^^
  File "/h/99/henryb/PyEuclid/pyeuclid/engine/proof_generator.py", line 329, in get_proof_str
    proof = self.get_proof(node)
            ^^^^^^^^^^^^^^^^^^^^
  File "/h/99/henryb/PyEuclid/pyeuclid/engine/proof_generator.py", line 349, in get_proof
    proof_steps = self.format_proof(node)
                  ^^^^^^^^^^^^^^^^^^^^^^^
  File "/h/99/henryb/PyEuclid/pyeuclid/engine/proof_generator.py", line 296, in format_proof
    format(conclusion)
  File "/h/99/henryb/PyEuclid/pyeuclid/engine/proof_generator.py", line 286, in format
    format(condition)
  File "/h/99/henryb/PyEuclid/pyeuclid/engine/proof_generator.py", line 282, in format
    condition, theorem = trace_fundamental_shape(conditions[0])
                         ^^^^^^^^^^^^^^^^^^^^^^^^^^^^^^^^^^^^^^
  File "/h/99/henryb/PyEuclid/pyeuclid/engine/proof_generator.py", line 239, in trace_fundamental_shape
    (conditions := self.proof_dict[node]) and
                   ~~~~~~~~~~~~~~~^^^^^^
KeyError: Parallelogram(A,B,C,D)

2952 unsolved in 8.577405214309692 seconds
2731 solved in 4.901293992996216 seconds
2731 error Parallelogram(A,C,B,D)
Traceback (most recent call last):
  File "/h/99/henryb/PyEuclid/tests/test.py", line 279, in test_geometry3k
    proof = proof_generator.get_proof_str()
            ^^^^^^^^^^^^^^^^^^^^^^^^^^^^^^^
  File "/h/99/henryb/PyEuclid/pyeuclid/engine/proof_generator.py", line 329, in get_proof_str
    proof = self.get_proof(node)
            ^^^^^^^^^^^^^^^^^^^^
  File "/h/99/henryb/PyEuclid/pyeuclid/engine/proof_generator.py", line 349, in get_proof
    proof_steps = self.format_proof(node)
                  ^^^^^^^^^^^^^^^^^^^^^^^
  File "/h/99/henryb/PyEuclid/pyeuclid/engine/proof_generator.py", line 296, in format_proof
    format(conclusion)
  File "/h/99/henryb/PyEuclid/pyeuclid/engine/proof_generator.py", line 286, in format
    format(condition)
  File "/h/99/henryb/PyEuclid/pyeuclid/engine/proof_generator.py", line 282, in format
    condition, theorem = trace_fundamental_shape(conditions[0])
                         ^^^^^^^^^^^^^^^^^^^^^^^^^^^^^^^^^^^^^^
  File "/h/99/henryb/PyEuclid/pyeuclid/engine/proof_generator.py", line 239, in trace_fundamental_shape
    (conditions := self.proof_dict[node]) and
                   ~~~~~~~~~~~~~~~^^^^^^
KeyError: Parallelogram(A,C,B,D)

Exception ignored in: <function WeakSet.__init__.<locals>._remove at 0x7d4ba8c52980>
Traceback (most recent call last):
  File "/u/henryb/miniconda3/lib/python3.12/_weakrefset.py", line 39, in _remove
    def _remove(item, selfref=ref(self)):

stopit.utils.TimeoutException: 
2785 unsolved in 32.33518743515015 seconds
2587 solved in 8.06479024887085 seconds
2587 error object of type 'NoneType' has no len()
Traceback (most recent call last):
  File "/h/99/henryb/PyEuclid/tests/test.py", line 278, in test_geometry3k
    proof_generator.run()
  File "/h/99/henryb/PyEuclid/pyeuclid/engine/proof_generator.py", line 176, in run
    while len(conditions) > self.max_equation_length_perstep:
          ^^^^^^^^^^^^^^^
TypeError: object of type 'NoneType' has no len()

2500 solved in 25.54691481590271 seconds
2500 error object of type 'NoneType' has no len()
Traceback (most recent call last):
  File "/h/99/henryb/PyEuclid/tests/test.py", line 278, in test_geometry3k
    proof_generator.run()
  File "/h/99/henryb/PyEuclid/pyeuclid/engine/proof_generator.py", line 176, in run
    while len(conditions) > self.max_equation_length_perstep:
          ^^^^^^^^^^^^^^^
TypeError: object of type 'NoneType' has no len()

Exception ignored in: <function WeakSet.__init__.<locals>._remove at 0x7600b12b2980>
Traceback (most recent call last):
  File "/u/henryb/miniconda3/lib/python3.12/_weakrefset.py", line 39, in _remove
    def _remove(item, selfref=ref(self)):

stopit.utils.TimeoutException: 
2617 unsolved in 2.1314690113067627 seconds
2684 unsolved in 14.50331449508667 seconds
2714 solved in 0.7025182247161865 seconds
Exception ignored in: <function WeakSet.__init__.<locals>._remove at 0x70249042e980>
Traceback (most recent call last):
  File "/u/henryb/miniconda3/lib/python3.12/_weakrefset.py", line 39, in _remove
    def _remove(item, selfref=ref(self)):

  File "/h/99/henryb/PyEuclid/pyeuclid/formalization/utils.py", line 29, in _handle_timeout
    raise TimeoutException("Operation timed out")
pyeuclid.formalization.utils.TimeoutException: Operation timed out
2744 solved in 1.190241813659668 seconds
Exception ignored in: <function WeakSet.__init__.<locals>._remove at 0x7d4ba8c52980>
Traceback (most recent call last):
  File "/u/henryb/miniconda3/lib/python3.12/_weakrefset.py", line 39, in _remove
    def _remove(item, selfref=ref(self)):

stopit.utils.TimeoutException: 
2666 solved in 19.103602170944214 seconds
